Component: ARM Compiler 6.16 Tool: armlink [5dfeaa00]

==============================================================================

Memory Map of the image

  Image Entry point : 0x080001c5

  Load Region LR_IROM1 (Base: 0x08000000, Size: 0x0000f958, Max: 0x00080000, ABSOLUTE)

    Execution Region ER_IROM1 (Base: 0x08000000, Size: 0x0000f84c, Max: 0x00080000, ABSOLUTE)

    Base Addr    Size         Type   Attr      Idx    E Section Name        Object

    0x08000000   0x000001c4   Data   RO        33676    RESET               BUILD/NUCLEO_F446RE/ARMC6/mbed-os/targets/TARGET_STM/TARGET_STM32F4/TARGET_STM32F446xE/TOOLCHAIN_ARM/startup_stm32f446xx.o
    0x080001c4   0x00000008   Code   RO        34699  * !!!main             c:\ProgramData\Mbed Studio\mbed-studio-tools\ac6\bin\..\lib\armlib\c_w.l(__main.o)
    0x080001cc   0x00000034   Code   RO        35813    !!!scatter          c:\ProgramData\Mbed Studio\mbed-studio-tools\ac6\bin\..\lib\armlib\c_w.l(__scatter.o)
    0x08000200   0x0000001a   Code   RO        35815    !!handler_copy      c:\ProgramData\Mbed Studio\mbed-studio-tools\ac6\bin\..\lib\armlib\c_w.l(__scatter_copy.o)
    0x0800021a   0x00000002   PAD
    0x0800021c   0x0000001c   Code   RO        35817    !!handler_zi        c:\ProgramData\Mbed Studio\mbed-studio-tools\ac6\bin\..\lib\armlib\c_w.l(__scatter_zi.o)
    0x08000238   0x00000000   Code   RO        34567    .ARM.Collect$$_printf_percent$$00000000  c:\ProgramData\Mbed Studio\mbed-studio-tools\ac6\bin\..\lib\armlib\c_w.l(_printf_percent.o)
    0x08000238   0x00000006   Code   RO        34558    .ARM.Collect$$_printf_percent$$00000001  c:\ProgramData\Mbed Studio\mbed-studio-tools\ac6\bin\..\lib\armlib\c_w.l(_printf_n.o)
    0x0800023e   0x00000006   Code   RO        34560    .ARM.Collect$$_printf_percent$$00000002  c:\ProgramData\Mbed Studio\mbed-studio-tools\ac6\bin\..\lib\armlib\c_w.l(_printf_p.o)
    0x08000244   0x00000006   Code   RO        34565    .ARM.Collect$$_printf_percent$$00000003  c:\ProgramData\Mbed Studio\mbed-studio-tools\ac6\bin\..\lib\armlib\c_w.l(_printf_f.o)
    0x0800024a   0x00000006   Code   RO        34566    .ARM.Collect$$_printf_percent$$00000004  c:\ProgramData\Mbed Studio\mbed-studio-tools\ac6\bin\..\lib\armlib\c_w.l(_printf_e.o)
    0x08000250   0x00000006   Code   RO        35011    .ARM.Collect$$_printf_percent$$00000005  c:\ProgramData\Mbed Studio\mbed-studio-tools\ac6\bin\..\lib\armlib\c_w.l(_printf_g.o)
    0x08000256   0x00000006   Code   RO        35012    .ARM.Collect$$_printf_percent$$00000006  c:\ProgramData\Mbed Studio\mbed-studio-tools\ac6\bin\..\lib\armlib\c_w.l(_printf_a.o)
    0x0800025c   0x0000000a   Code   RO        35017    .ARM.Collect$$_printf_percent$$00000007  c:\ProgramData\Mbed Studio\mbed-studio-tools\ac6\bin\..\lib\armlib\c_w.l(_printf_ll.o)
    0x08000266   0x00000006   Code   RO        34562    .ARM.Collect$$_printf_percent$$00000008  c:\ProgramData\Mbed Studio\mbed-studio-tools\ac6\bin\..\lib\armlib\c_w.l(_printf_i.o)
    0x0800026c   0x00000006   Code   RO        34563    .ARM.Collect$$_printf_percent$$00000009  c:\ProgramData\Mbed Studio\mbed-studio-tools\ac6\bin\..\lib\armlib\c_w.l(_printf_d.o)
    0x08000272   0x00000006   Code   RO        34564    .ARM.Collect$$_printf_percent$$0000000A  c:\ProgramData\Mbed Studio\mbed-studio-tools\ac6\bin\..\lib\armlib\c_w.l(_printf_u.o)
    0x08000278   0x00000006   Code   RO        34561    .ARM.Collect$$_printf_percent$$0000000B  c:\ProgramData\Mbed Studio\mbed-studio-tools\ac6\bin\..\lib\armlib\c_w.l(_printf_o.o)
    0x0800027e   0x00000006   Code   RO        34559    .ARM.Collect$$_printf_percent$$0000000C  c:\ProgramData\Mbed Studio\mbed-studio-tools\ac6\bin\..\lib\armlib\c_w.l(_printf_x.o)
    0x08000284   0x00000006   Code   RO        35014    .ARM.Collect$$_printf_percent$$0000000D  c:\ProgramData\Mbed Studio\mbed-studio-tools\ac6\bin\..\lib\armlib\c_w.l(_printf_lli.o)
    0x0800028a   0x00000006   Code   RO        35015    .ARM.Collect$$_printf_percent$$0000000E  c:\ProgramData\Mbed Studio\mbed-studio-tools\ac6\bin\..\lib\armlib\c_w.l(_printf_lld.o)
    0x08000290   0x00000006   Code   RO        35016    .ARM.Collect$$_printf_percent$$0000000F  c:\ProgramData\Mbed Studio\mbed-studio-tools\ac6\bin\..\lib\armlib\c_w.l(_printf_llu.o)
    0x08000296   0x00000006   Code   RO        35020    .ARM.Collect$$_printf_percent$$00000010  c:\ProgramData\Mbed Studio\mbed-studio-tools\ac6\bin\..\lib\armlib\c_w.l(_printf_llo.o)
    0x0800029c   0x00000006   Code   RO        35021    .ARM.Collect$$_printf_percent$$00000011  c:\ProgramData\Mbed Studio\mbed-studio-tools\ac6\bin\..\lib\armlib\c_w.l(_printf_llx.o)
    0x080002a2   0x0000000a   Code   RO        35018    .ARM.Collect$$_printf_percent$$00000012  c:\ProgramData\Mbed Studio\mbed-studio-tools\ac6\bin\..\lib\armlib\c_w.l(_printf_l.o)
[...]
    0x0800660c   0x00000010   Code   RO        23240    .text._ZN4mbed11InterruptIn8irq_initE7PinName  BUILD/NUCLEO_F446RE/ARMC6/mbed-os/drivers/source/InterruptIn.o
    0x0800661c   0x00000030   Code   RO        23238    .text._ZN4mbed11InterruptInC2E7PinName  BUILD/NUCLEO_F446RE/ARMC6/mbed-os/drivers/source/InterruptIn.o
    0x0800664c   0x0000000e   Code   RO        23248    .text._ZN4mbed11InterruptInD0Ev  BUILD/NUCLEO_F446RE/ARMC6/mbed-os/drivers/source/InterruptIn.o
    0x0800665a   0x00000002   PAD
    0x0800665c   0x0000001c   Code   RO        23246    .text._ZN4mbed11InterruptInD2Ev  BUILD/NUCLEO_F446RE/ARMC6/mbed-os/drivers/source/InterruptIn.o
    0x08006678   0x0000001e   Code   RO        22845    .text._ZN4mbed14BufferedSerial10set_formatEiNS_10SerialBase6ParityEi  BUILD/NUCLEO_F446RE/ARMC6/mbed-os/drivers/source/BufferedSerial.o
    0x08006696   0x0000001c   Code   RO        22899    .text._ZN4mbed14BufferedSerial12enable_inputEb  BUILD/NUCLEO_F446RE/ARMC6/mbed-os/drivers/source/BufferedSerial.o
    0x080066b2   0x00000008   Code   RO        22931    .text._ZN4mbed14BufferedSerial12set_blockingEb  BUILD/NUCLEO_F446RE/ARMC6/mbed-os/drivers/source/BufferedSerial.o
    0x080066ba   0x0000001c   Code   RO        22903    .text._ZN4mbed14BufferedSerial13enable_outputEb  BUILD/NUCLEO_F446RE/ARMC6/mbed-os/drivers/source/BufferedSerial.o
    0x080066d6   0x00000002   PAD
    0x080066d8   0x00000048   Code   RO        22825    .text._ZN4mbed14BufferedSerial13update_rx_irqEv  BUILD/NUCLEO_F446RE/ARMC6/mbed-os/drivers/source/BufferedSerial.o
    0x08006720   0x0000004c   Code   RO        22881    .text._ZN4mbed14BufferedSerial13update_tx_irqEv  BUILD/NUCLEO_F446RE/ARMC6/mbed-os/drivers/source/BufferedSerial.o
    0x0800676c   0x00000014   Code   RO        22895    .text._ZN4mbed14BufferedSerial14disable_rx_irqEv  BUILD/NUCLEO_F446RE/ARMC6/mbed-os/drivers/source/BufferedSerial.o
    0x08006780   0x00000018   Code   RO        22897    .text._ZN4mbed14BufferedSerial14disable_tx_irqEv  BUILD/NUCLEO_F446RE/ARMC6/mbed-os/drivers/source/BufferedSerial.o
    0x08006798   0x00000032   Code   RO        22875    .text._ZN4mbed14BufferedSerial16write_unbufferedEPKcj  BUILD/NUCLEO_F446RE/ARMC6/mbed-os/drivers/source/BufferedSerial.o
    0x080067ca   0x00000002   PAD
    0x080067cc   0x00000074   Code   RO        22885    .text._ZN4mbed14BufferedSerial4readEPvj  BUILD/NUCLEO_F446RE/ARMC6/mbed-os/drivers/source/BufferedSerial.o
    0x08006840   0x00000008   Code   RO        22861    .text._ZN4mbed14BufferedSerial4seekEli  BUILD/NUCLEO_F446RE/ARMC6/mbed-os/drivers/source/BufferedSerial.o
    0x08006848   0x0000002e   Code   RO        22865    .text._ZN4mbed14BufferedSerial4syncEv  BUILD/NUCLEO_F446RE/ARMC6/mbed-os/drivers/source/BufferedSerial.o
    0x08006876   0x00000004   Code   RO        22853    .text._ZN4mbed14BufferedSerial5closeEv  BUILD/NUCLEO_F446RE/ARMC6/mbed-os/drivers/source/BufferedSerial.o
    0x0800687a   0x00000036   Code   RO        22869    .text._ZN4mbed14BufferedSerial5sigioENS_8CallbackIFvvEEE  BUILD/NUCLEO_F446RE/ARMC6/mbed-os/drivers/source/BufferedSerial.o
    0x080068b0   0x0000009c   Code   RO        22879    .text._ZN4mbed14BufferedSerial5writeEPKvj  BUILD/NUCLEO_F446RE/ARMC6/mbed-os/drivers/source/BufferedSerial.o
    0x0800694c   0x00000004   Code   RO        22857    .text._ZN4mbed14BufferedSerial6isattyEv  BUILD/NUCLEO_F446RE/ARMC6/mbed-os/drivers/source/BufferedSerial.o
    0x08006950   0x0000005c   Code   RO        22893    .text._ZN4mbed14BufferedSerial6rx_irqEv  BUILD/NUCLEO_F446RE/ARMC6/mbed-os/drivers/source/BufferedSerial.o
    0x080069ac   0x00000064   Code   RO        22877    .text._ZN4mbed14BufferedSerial6tx_irqEv  BUILD/NUCLEO_F446RE/ARMC6/mbed-os/drivers/source/BufferedSerial.o
    0x08006a10   0x0000001c   Code   RO        22823    .text._ZN4mbed14BufferedSerialC2E7PinNameS1_i  BUILD/NUCLEO_F446RE/ARMC6/mbed-os/drivers/source/BufferedSerial.o
    0x08006a2c   0x0000000e   Code   RO        22833    .text._ZN4mbed14BufferedSerialD0Ev  BUILD/NUCLEO_F446RE/ARMC6/mbed-os/drivers/source/BufferedSerial.o
    0x08006a3a   0x00000002   PAD
    0x08006a3c   0x00000034   Code   RO        22829    .text._ZN4mbed14BufferedSerialD2Ev  BUILD/NUCLEO_F446RE/ARMC6/mbed-os/drivers/source/BufferedSerial.o
    0x08006a70   0x00000042   Code   RO        22929    .text._ZN4mbed14CircularBufferIcLj256EjE3popERc  BUILD/NUCLEO_F446RE/ARMC6/mbed-os/drivers/source/BufferedSerial.o
    0x08006ab2   0x00000046   Code   RO        22927    .text._ZN4mbed14CircularBufferIcLj256EjE4pushERKc  BUILD/NUCLEO_F446RE/ARMC6/mbed-os/drivers/source/BufferedSerial.o
    0x08006af8   0x00000006   Code   RO        23697    .text._ZN4mbed15TickerDataClock11set_handlerEPFvjE  BUILD/NUCLEO_F446RE/ARMC6/mbed-os/drivers/source/TimerEvent.o
    0x08006afe   0x00000006   Code   RO        23699    .text._ZN4mbed15TickerDataClock12insert_eventEP14ticker_event_sNSt3__26chrono10time_pointIS0_NS4_8durationIxNS3_5ratioILx1ELx1000000EEEEEEEj  BUILD/NUCLEO_F446RE/ARMC6/mbed-os/drivers/source/TimerEvent.o
    0x08006b04   0x00000006   Code   RO        23701    .text._ZN4mbed15TickerDataClock12remove_eventEP14ticker_event_s  BUILD/NUCLEO_F446RE/ARMC6/mbed-os/drivers/source/TimerEvent.o
    0x08006b0a   0x00000002   PAD
    0x08006b0c   0x00000070   Code   RO        26836    .text._ZN4mbed16mbed_file_handleEi  BUILD/NUCLEO_F446RE/ARMC6/mbed-os/platform/source/mbed_retarget.o
    0x08006b7c   0x0000000c   Code   RO        26158    .text._ZN4mbed19CriticalSectionLockC2Ev  BUILD/NUCLEO_F446RE/ARMC6/mbed-os/platform/source/CriticalSectionLock.o
    0x08006b88   0x0000000c   Code   RO        26160    .text._ZN4mbed19CriticalSectionLockD2Ev  BUILD/NUCLEO_F446RE/ARMC6/mbed-os/platform/source/CriticalSectionLock.o
    0x08006b94   0x00000016   Code   RO        23668    .text._ZN4mbed5TimerC2Ev  BUILD/NUCLEO_F446RE/ARMC6/mbed-os/drivers/source/Timer.o
    0x08006baa   0x00000002   PAD
    0x08006bac   0x00000020   Code   RO        23605    .text._ZN4mbed6TickerC2Ev  BUILD/NUCLEO_F446RE/ARMC6/mbed-os/drivers/source/Ticker.o
    0x08006bcc   0x00000004   Code   RO        34381    .text._ZN4mbed8CallbackIFvvEE11target_callIZNS2_C1IP13state_machineMS5_FvvELi0EEET_T0_EUlvE_EEvPKNS_6detail12CallbackBaseE  BUILD/NUCLEO_F446RE/ARMC6/state_machine.o
    0x08006bd0   0x00000004   Code   RO        34358    .text._ZN4mbed8CallbackIFvvEE11target_callIZNS2_C1IP15realtime_threadMS5_FvvELi0EEET_T0_EUlvE_EEvPKNS_6detail12CallbackBaseE  BUILD/NUCLEO_F446RE/ARMC6/realtime_thread.o
    0x08006bd4   0x00000004   Code   RO          355    .text._ZN4mbed8CallbackIFvvEE11target_callIZNS2_C1IP19EncoderCounterIndexMS5_FvvELi0EEET_T0_EUlvE_EEvPKNS_6detail12CallbackBaseE  BUILD/NUCLEO_F446RE/ARMC6/Lib_Misc/EncoderCounterIndex.o
    0x08006bd8   0x00000004   Code   RO          187    .text._ZN4mbed8CallbackIFvvEE11target_callIZNS2_C1IP21uart_comm_thread_sendMS5_FvvELi0EEET_T0_EUlvE_EEvPKNS_6detail12CallbackBaseE  BUILD/NUCLEO_F446RE/ARMC6/Hardware/uart_comm_thread_send.o
    0x08006bdc   0x00000004   Code   RO          155    .text._ZN4mbed8CallbackIFvvEE11target_callIZNS2_C1IP24uart_comm_thread_receiveMS5_FvvELi0EEET_T0_EUlvE_EEvPKNS_6detail12CallbackBaseE  BUILD/NUCLEO_F446RE/ARMC6/Hardware/uart_comm_thread_receive.o
    0x08006be0   0x00000004   Code   RO        22945    .text._ZN4mbed8CallbackIFvvEE11target_callIZNS2_C1IPNS_14BufferedSerialEMS5_FvvELi0EEET_T0_EUlvE_EEvPKNS_6detail12CallbackBaseE  BUILD/NUCLEO_F446RE/ARMC6/mbed-os/drivers/source/BufferedSerial.o
    0x08006be4   0x0000007c   Code   RO        26192    .text._ZN4mbed8FileBase6lookupEPKcj  BUILD/NUCLEO_F446RE/ARMC6/mbed-os/platform/source/FileBase.o
    0x08006c60   0x00000018   Code   RO        26223    .text._ZN4mbed8FilePath10fileSystemEv  BUILD/NUCLEO_F446RE/ARMC6/mbed-os/platform/source/FilePath.o
    0x08006c78   0x00000018   Code   RO        26221    .text._ZN4mbed8FilePath12isFileSystemEv  BUILD/NUCLEO_F446RE/ARMC6/mbed-os/platform/source/FilePath.o
    0x08006c90   0x00000018   Code   RO        26227    .text._ZN4mbed8FilePath4fileEv  BUILD/NUCLEO_F446RE/ARMC6/mbed-os/platform/source/FilePath.o
    0x08006ca8   0x0000000a   Code   RO        26229    .text._ZN4mbed8FilePath6existsEv  BUILD/NUCLEO_F446RE/ARMC6/mbed-os/platform/source/FilePath.o
    0x08006cb2   0x00000016   Code   RO        26225    .text._ZN4mbed8FilePath6isFileEv  BUILD/NUCLEO_F446RE/ARMC6/mbed-os/platform/source/FilePath.o
    0x08006cc8   0x0000003c   Code   RO        26217    .text._ZN4mbed8FilePathC2EPKc  BUILD/NUCLEO_F446RE/ARMC6/mbed-os/platform/source/FilePath.o
    0x08006d04   0x00000006   Code   RO          105    .text._ZN4mbed9AnalogOut4lockEv  BUILD/NUCLEO_F446RE/ARMC6/Hardware/IO_handler.o
    0x08006d0a   0x0000002e   Code   RO        22815    .text._ZN4mbed9AnalogOut5writeEf  BUILD/NUCLEO_F446RE/ARMC6/mbed-os/drivers/source/AnalogOut.o
    0x08006d38   0x00000006   Code   RO          107    .text._ZN4mbed9AnalogOut6unlockEv  BUILD/NUCLEO_F446RE/ARMC6/Hardware/IO_handler.o
    0x08006d3e   0x00000002   PAD
    0x08006d40   0x00000024   Code   RO           95    .text._ZN4mbed9AnalogOutC2E7PinName  BUILD/NUCLEO_F446RE/ARMC6/Hardware/IO_handler.o
    0x08006d64   0x0000000e   Code   RO          103    .text._ZN4mbed9AnalogOutD0Ev  BUILD/NUCLEO_F446RE/ARMC6/Hardware/IO_handler.o
    0x08006d72   0x00000002   PAD
    0x08006d74   0x00000024   Code   RO           99    .text._ZN4mbed9AnalogOutD2Ev  BUILD/NUCLEO_F446RE/ARMC6/Hardware/IO_handler.o
    0x08006d98   0x00000018   Code   RO           93    .text._ZN4mbed9DigitalInC2E7PinName  BUILD/NUCLEO_F446RE/ARMC6/Hardware/IO_handler.o
    0x08006db0   0x00000022   Code   RO        23642    .text._ZN4mbed9TimerBase5resetEv  BUILD/NUCLEO_F446RE/ARMC6/mbed-os/drivers/source/Timer.o
    0x08006dd2   0x0000002c   Code   RO        23650    .text._ZN4mbed9TimerBase5startEv  BUILD/NUCLEO_F446RE/ARMC6/mbed-os/drivers/source/Timer.o
    0x08006dfe   0x0000001e   Code   RO        23640    .text._ZN4mbed9TimerBaseC2EPK13ticker_data_tb  BUILD/NUCLEO_F446RE/ARMC6/mbed-os/drivers/source/Timer.o
    0x08006e1c   0x00000014   Code   RO        23648    .text._ZN4mbed9TimerBaseD2Ev  BUILD/NUCLEO_F446RE/ARMC6/mbed-os/drivers/source/Timer.o
    0x08006e30   0x00000012   Code   RO        34387    .text._ZN4mstd4impl6INVOKEI13state_machineFvvERKPS2_JEEENSt3__29enable_ifIXaaaasr3std11is_functionIT0_EE5valuentsr3std10is_base_ofIT_NS7_5decayIT1_E4typeEEE5valuentsr20is_reference_wrapperISE_EE5valueEDTcldsdeclsr3stdE7forwardISC_Efp0_Efp_spclsr3stdE7forwardIT2_Efp1_EEEE4typeEMSA_S9_OSC_DpOSF_  BUILD/NUCLEO_F446RE/ARMC6/state_machine.o
    0x08006e42   0x00000012   Code   RO        34364    .text._ZN4mstd4impl6INVOKEI15realtime_threadFvvERKPS2_JEEENSt3__29enable_ifIXaaaasr3std11is_functionIT0_EE5valuentsr3std10is_base_ofIT_NS7_5decayIT1_E4typeEEE5valuentsr20is_reference_wrapperISE_EE5valueEDTcldsdeclsr3stdE7forwardISC_Efp0_Efp_spclsr3stdE7forwardIT2_Efp1_EEEE4typeEMSA_S9_OSC_DpOSF_  BUILD/NUCLEO_F446RE/ARMC6/realtime_thread.o
    0x08006e54   0x00000012   Code   RO          361    .text._ZN4mstd4impl6INVOKEI19EncoderCounterIndexFvvERKPS2_JEEENSt3__29enable_ifIXaaaasr3std11is_functionIT0_EE5valuentsr3std10is_base_ofIT_NS7_5decayIT1_E4typeEEE5valuentsr20is_reference_wrapperISE_EE5valueEDTcldsdeclsr3stdE7forwardISC_Efp0_Efp_spclsr3stdE7forwardIT2_Efp1_EEEE4typeEMSA_S9_OSC_DpOSF_  BUILD/NUCLEO_F446RE/ARMC6/Lib_Misc/EncoderCounterIndex.o
    0x08006e66   0x00000012   Code   RO          193    .text._ZN4mstd4impl6INVOKEI21uart_comm_thread_sendFvvERKPS2_JEEENSt3__29enable_ifIXaaaasr3std11is_functionIT0_EE5valuentsr3std10is_base_ofIT_NS7_5decayIT1_E4typeEEE5valuentsr20is_reference_wrapperISE_EE5valueEDTcldsdeclsr3stdE7forwardISC_Efp0_Efp_spclsr3stdE7forwardIT2_Efp1_EEEE4typeEMSA_S9_OSC_DpOSF_  BUILD/NUCLEO_F446RE/ARMC6/Hardware/uart_comm_thread_send.o
    0x08006e78   0x00000012   Code   RO          161    .text._ZN4mstd4impl6INVOKEI24uart_comm_thread_receiveFvvERKPS2_JEEENSt3__29enable_ifIXaaaasr3std11is_functionIT0_EE5valuentsr3std10is_base_ofIT_NS7_5decayIT1_E4typeEEE5valuentsr20is_reference_wrapperISE_EE5valueEDTcldsdeclsr3stdE7forwardISC_Efp0_Efp_spclsr3stdE7forwardIT2_Efp1_EEEE4typeEMSA_S9_OSC_DpOSF_  BUILD/NUCLEO_F446RE/ARMC6/Hardware/uart_comm_thread_receive.o
    0x08006e8a   0x00000012   Code   RO        22951    .text._ZN4mstd4impl6INVOKEIN4mbed14BufferedSerialEFvvERKPS3_JEEENSt3__29enable_ifIXaaaasr3std11is_functionIT0_EE5valuentsr3std10is_base_ofIT_NS8_5decayIT1_E4typeEEE5valuentsr20is_reference_wrapperISF_EE5valueEDTcldsdeclsr3stdE7forwardISD_Efp0_Efp_spclsr3stdE7forwardIT2_Efp1_EEEE4typeEMSB_SA_OSD_DpOSG_  BUILD/NUCLEO_F446RE/ARMC6/mbed-os/drivers/source/BufferedSerial.o
    0x08006e9c   0x0000000c   Code   RO        34385    .text._ZN4mstd6invokeIRKM13state_machineFvvEJRKPS1_EEENS_13invoke_resultIT_JDpT0_EE4typeEOSA_DpOSB_  BUILD/NUCLEO_F446RE/ARMC6/state_machine.o
    0x08006ea8   0x0000000c   Code   RO        34362    .text._ZN4mstd6invokeIRKM15realtime_threadFvvEJRKPS1_EEENS_13invoke_resultIT_JDpT0_EE4typeEOSA_DpOSB_  BUILD/NUCLEO_F446RE/ARMC6/realtime_thread.o
    0x08006eb4   0x0000000c   Code   RO          359    .text._ZN4mstd6invokeIRKM19EncoderCounterIndexFvvEJRKPS1_EEENS_13invoke_resultIT_JDpT0_EE4typeEOSA_DpOSB_  BUILD/NUCLEO_F446RE/ARMC6/Lib_Misc/EncoderCounterIndex.o
    0x08006ec0   0x0000000c   Code   RO          191    .text._ZN4mstd6invokeIRKM21uart_comm_thread_sendFvvEJRKPS1_EEENS_13invoke_resultIT_JDpT0_EE4typeEOSA_DpOSB_  BUILD/NUCLEO_F446RE/ARMC6/Hardware/uart_comm_thread_send.o
    0x08006ecc   0x0000000c   Code   RO          159    .text._ZN4mstd6invokeIRKM24uart_comm_thread_receiveFvvEJRKPS1_EEENS_13invoke_resultIT_JDpT0_EE4typeEOSA_DpOSB_  BUILD/NUCLEO_F446RE/ARMC6/Hardware/uart_comm_thread_receive.o
    0x08006ed8   0x0000000c   Code   RO        22949    .text._ZN4mstd6invokeIRKMN4mbed14BufferedSerialEFvvEJRKPS2_EEENS_13invoke_resultIT_JDpT0_EE4typeEOSB_DpOSC_  BUILD/NUCLEO_F446RE/ARMC6/mbed-os/drivers/source/BufferedSerial.o
    0x08006ee4   0x00000006   Code   RO        27245    .text._ZN4rtos10ThisThread14flags_wait_anyEjb  BUILD/NUCLEO_F446RE/ARMC6/mbed-os/rtos/source/ThisThread.o
    0x08006eea   0x00000008   Code   RO        27257    .text._ZN4rtos10ThisThread9sleep_forENSt3__26chrono8durationIjNS1_5ratioILx1ELx1000EEEEE  BUILD/NUCLEO_F446RE/ARMC6/mbed-os/rtos/source/ThisThread.o
    0x08006ef2   0x00000004   Code   RO        27255    .text._ZN4rtos10ThisThread9sleep_forEj  BUILD/NUCLEO_F446RE/ARMC6/mbed-os/rtos/source/ThisThread.o
    0x08006ef6   0x00000002   PAD
    0x08006ef8   0x00000044   Code   RO        27173    .text._ZN4rtos5Mutex11constructorEPKc  BUILD/NUCLEO_F446RE/ARMC6/mbed-os/rtos/source/Mutex.o
    0x08006f3c   0x00000030   Code   RO        27177    .text._ZN4rtos5Mutex4lockEv  BUILD/NUCLEO_F446RE/ARMC6/mbed-os/rtos/source/Mutex.o
    0x08006f6c   0x0000002c   Code   RO        27189    .text._ZN4rtos5Mutex6unlockEv  BUILD/NUCLEO_F446RE/ARMC6/mbed-os/rtos/source/Mutex.o
    0x08006f98   0x0000000e   Code   RO        27171    .text._ZN4rtos5MutexC2Ev  BUILD/NUCLEO_F446RE/ARMC6/mbed-os/rtos/source/Mutex.o
    0x08006fa6   0x0000000e   Code   RO        27193    .text._ZN4rtos5MutexD2Ev  BUILD/NUCLEO_F446RE/ARMC6/mbed-os/rtos/source/Mutex.o
    0x08006fb4   0x00000016   Code   RO        27275    .text._ZN4rtos6Thread11constructorE12osPriority_tjPhPKc  BUILD/NUCLEO_F446RE/ARMC6/mbed-os/rtos/source/Thread.o
    0x08006fca   0x00000002   PAD
    0x08006fcc   0x0000007c   Code   RO        27273    .text._ZN4rtos6Thread11constructorEj12osPriority_tjPhPKc  BUILD/NUCLEO_F446RE/ARMC6/mbed-os/rtos/source/Thread.o
    0x08007048   0x000000c4   Code   RO        27277    .text._ZN4rtos6Thread5startEN4mbed8CallbackIFvvEEE  BUILD/NUCLEO_F446RE/ARMC6/mbed-os/rtos/source/Thread.o
    0x0800710c   0x00000028   Code   RO        27279    .text._ZN4rtos6Thread6_thunkEPv  BUILD/NUCLEO_F446RE/ARMC6/mbed-os/rtos/source/Thread.o
    0x08007134   0x00000006   Code   RO        27289    .text._ZN4rtos6Thread9flags_setEj  BUILD/NUCLEO_F446RE/ARMC6/mbed-os/rtos/source/Thread.o
    0x0800713a   0x00000036   Code   RO        27281    .text._ZN4rtos6Thread9terminateEv  BUILD/NUCLEO_F446RE/ARMC6/mbed-os/rtos/source/Thread.o
    0x08007170   0x0000003c   Code   RO          151    .text._ZN4rtos6ThreadC2E12osPriority_tjPhPKc  BUILD/NUCLEO_F446RE/ARMC6/Hardware/uart_comm_thread_receive.o
    0x080071ac   0x0000000e   Code   RO        27307    .text._ZN4rtos6ThreadD0Ev  BUILD/NUCLEO_F446RE/ARMC6/mbed-os/rtos/source/Thread.o
    0x080071ba   0x00000002   PAD
    0x080071bc   0x0000003c   Code   RO        27305    .text._ZN4rtos6ThreadD2Ev  BUILD/NUCLEO_F446RE/ARMC6/mbed-os/rtos/source/Thread.o
    0x080071f8   0x00000020   Code   RO        27201    .text._ZN4rtos9Semaphore11constructorEit  BUILD/NUCLEO_F446RE/ARMC6/mbed-os/rtos/source/Semaphore.o
    0x08007218   0x00000006   Code   RO        27217    .text._ZN4rtos9Semaphore7releaseEv  BUILD/NUCLEO_F446RE/ARMC6/mbed-os/rtos/source/Semaphore.o
    0x0800721e   0x00000010   Code   RO        27199    .text._ZN4rtos9SemaphoreC2Ei  BUILD/NUCLEO_F446RE/ARMC6/mbed-os/rtos/source/Semaphore.o
    0x0800722e   0x0000000e   Code   RO        27219    .text._ZN4rtos9SemaphoreD2Ev  BUILD/NUCLEO_F446RE/ARMC6/mbed-os/rtos/source/Semaphore.o
    0x0800723c   0x0000000c   Code   RO        27231    .text._ZN4rtosL10flags_waitEjbj  BUILD/NUCLEO_F446RE/ARMC6/mbed-os/rtos/source/ThisThread.o
    0x08007248   0x00000024   Code   RO        27237    .text._ZN4rtosL14flags_wait_forEjNSt3__26chrono8durationIjNS0_5ratioILx1ELx1000EEEEEbj  BUILD/NUCLEO_F446RE/ARMC6/mbed-os/rtos/source/ThisThread.o
    0x0800726c   0x00000028   Code   RO        23583    .text._ZN6CThunkIN4mbed10SerialBaseEE10trampolineEP10CThunkBase  BUILD/NUCLEO_F446RE/ARMC6/mbed-os/drivers/source/SerialBase.o
    0x08007294   0x00000014   Code   RO        23579    .text._ZN6CThunkIN4mbed10SerialBaseEED2Ev  BUILD/NUCLEO_F446RE/ARMC6/mbed-os/drivers/source/SerialBase.o
    0x080072a8   0x000000b2   Code   RO          306    .text._ZN9PID_Cntrl6updateEf  BUILD/NUCLEO_F446RE/ARMC6/Lib_Cntrl/PID_Cntrl.o
    0x0800735a   0x00000002   PAD
    0x0800735c   0x00000024   Code   RO          298    .text._ZN9PID_CntrlC2Efffffff  BUILD/NUCLEO_F446RE/ARMC6/Lib_Cntrl/PID_Cntrl.o
    0x08007380   0x00000004   Code   RO          304    .text._ZN9PID_CntrlD0Ev  BUILD/NUCLEO_F446RE/ARMC6/Lib_Cntrl/PID_Cntrl.o
    0x08007384   0x00000002   Code   RO          302    .text._ZN9PID_CntrlD2Ev  BUILD/NUCLEO_F446RE/ARMC6/Lib_Cntrl/PID_Cntrl.o
    0x08007386   0x00000002   PAD
    0x08007388   0x00000034   Code   RO        26826    .text._ZNK12DirectSerial4pollEs  BUILD/NUCLEO_F446RE/ARMC6/mbed-os/platform/source/mbed_retarget.o
    0x080073bc   0x00000022   Code   RO        22113    .text._ZNK12SingletonPtrIN4rtos5MutexEE3getEv  BUILD/NUCLEO_F446RE/ARMC6/mbed-os/connectivity/netsocket/source/nsapi_dns.o
    0x080073de   0x00000004   Code   RO        23763    .text._ZNK4mbed10FileHandle11is_blockingEv  BUILD/NUCLEO_F446RE/ARMC6/mbed-os/drivers/source/UnbufferedSerial.o
    0x080073e2   0x00000006   Code   RO        22933    .text._ZNK4mbed14BufferedSerial11is_blockingEv  BUILD/NUCLEO_F446RE/ARMC6/mbed-os/drivers/source/BufferedSerial.o
    0x080073e8   0x00000018   Code   RO        22889    .text._ZNK4mbed14BufferedSerial3hupEv  BUILD/NUCLEO_F446RE/ARMC6/mbed-os/drivers/source/BufferedSerial.o
    0x08007400   0x0000002a   Code   RO        22871    .text._ZNK4mbed14BufferedSerial4pollEs  BUILD/NUCLEO_F446RE/ARMC6/mbed-os/drivers/source/BufferedSerial.o
    0x0800742a   0x00000024   Code   RO        22925    .text._ZNK4mbed14CircularBufferIcLj256EjE5emptyEv  BUILD/NUCLEO_F446RE/ARMC6/mbed-os/drivers/source/BufferedSerial.o
    0x0800744e   0x00000026   Code   RO        23658    .text._ZNK4mbed9TimerBase12elapsed_timeEv  BUILD/NUCLEO_F446RE/ARMC6/mbed-os/drivers/source/Timer.o
    0x08007474   0x00000020   Code   RO        23660    .text._ZNK4mbed9TimerBase4readEv  BUILD/NUCLEO_F446RE/ARMC6/mbed-os/drivers/source/Timer.o
    0x08007494   0x00000030   Code   RO        23654    .text._ZNK4mbed9TimerBase9slicetimeEv  BUILD/NUCLEO_F446RE/ARMC6/mbed-os/drivers/source/Timer.o
    0x080074c4   0x0000000c   Code   RO        22901    .text._ZThn228_N4mbed14BufferedSerial12enable_inputEb  BUILD/NUCLEO_F446RE/ARMC6/mbed-os/drivers/source/BufferedSerial.o
    0x080074d0   0x00000008   Code   RO        22941    .text._ZThn228_N4mbed14BufferedSerial12set_blockingEb  BUILD/NUCLEO_F446RE/ARMC6/mbed-os/drivers/source/BufferedSerial.o
    0x080074d8   0x0000000c   Code   RO        22905    .text._ZThn228_N4mbed14BufferedSerial13enable_outputEb  BUILD/NUCLEO_F446RE/ARMC6/mbed-os/drivers/source/BufferedSerial.o
    0x080074e4   0x00000006   Code   RO        22887    .text._ZThn228_N4mbed14BufferedSerial4readEPvj  BUILD/NUCLEO_F446RE/ARMC6/mbed-os/drivers/source/BufferedSerial.o
    0x080074ea   0x00000002   PAD
    0x080074ec   0x00000008   Code   RO        22863    .text._ZThn228_N4mbed14BufferedSerial4seekEli  BUILD/NUCLEO_F446RE/ARMC6/mbed-os/drivers/source/BufferedSerial.o
    0x080074f4   0x0000000c   Code   RO        22867    .text._ZThn228_N4mbed14BufferedSerial4syncEv  BUILD/NUCLEO_F446RE/ARMC6/mbed-os/drivers/source/BufferedSerial.o
    0x08007500   0x00000004   Code   RO        22855    .text._ZThn228_N4mbed14BufferedSerial5closeEv  BUILD/NUCLEO_F446RE/ARMC6/mbed-os/drivers/source/BufferedSerial.o
    0x08007504   0x0000000e   Code   RO        22873    .text._ZThn228_N4mbed14BufferedSerial5sigioENS_8CallbackIFvvEEE  BUILD/NUCLEO_F446RE/ARMC6/mbed-os/drivers/source/BufferedSerial.o
    0x08007512   0x00000006   Code   RO        22883    .text._ZThn228_N4mbed14BufferedSerial5writeEPKvj  BUILD/NUCLEO_F446RE/ARMC6/mbed-os/drivers/source/BufferedSerial.o
    0x08007518   0x00000004   Code   RO        22859    .text._ZThn228_N4mbed14BufferedSerial6isattyEv  BUILD/NUCLEO_F446RE/ARMC6/mbed-os/drivers/source/BufferedSerial.o
    0x0800751c   0x00000006   Code   RO        22835    .text._ZThn228_N4mbed14BufferedSerialD0Ev  BUILD/NUCLEO_F446RE/ARMC6/mbed-os/drivers/source/BufferedSerial.o
    0x08007522   0x00000006   Code   RO        22831    .text._ZThn228_N4mbed14BufferedSerialD1Ev  BUILD/NUCLEO_F446RE/ARMC6/mbed-os/drivers/source/BufferedSerial.o
    0x08007528   0x00000006   Code   RO        22943    .text._ZThn228_NK4mbed14BufferedSerial11is_blockingEv  BUILD/NUCLEO_F446RE/ARMC6/mbed-os/drivers/source/BufferedSerial.o
    0x0800752e   0x00000008   Code   RO        22891    .text._ZThn228_NK4mbed14BufferedSerial4pollEs  BUILD/NUCLEO_F446RE/ARMC6/mbed-os/drivers/source/BufferedSerial.o
    0x08007536   0x00000008   Code   RO        34383    .text._ZZN4mbed8CallbackIFvvEEC1IP13state_machineMS4_FvvELi0EEET_T0_ENKUlvE_clEv  BUILD/NUCLEO_F446RE/ARMC6/state_machine.o
    0x0800753e   0x00000008   Code   RO        34360    .text._ZZN4mbed8CallbackIFvvEEC1IP15realtime_threadMS4_FvvELi0EEET_T0_ENKUlvE_clEv  BUILD/NUCLEO_F446RE/ARMC6/realtime_thread.o
    0x08007546   0x00000008   Code   RO          357    .text._ZZN4mbed8CallbackIFvvEEC1IP19EncoderCounterIndexMS4_FvvELi0EEET_T0_ENKUlvE_clEv  BUILD/NUCLEO_F446RE/ARMC6/Lib_Misc/EncoderCounterIndex.o
    0x0800754e   0x00000008   Code   RO          189    .text._ZZN4mbed8CallbackIFvvEEC1IP21uart_comm_thread_sendMS4_FvvELi0EEET_T0_ENKUlvE_clEv  BUILD/NUCLEO_F446RE/ARMC6/Hardware/uart_comm_thread_send.o
    0x08007556   0x00000008   Code   RO          157    .text._ZZN4mbed8CallbackIFvvEEC1IP24uart_comm_thread_receiveMS4_FvvELi0EEET_T0_ENKUlvE_clEv  BUILD/NUCLEO_F446RE/ARMC6/Hardware/uart_comm_thread_receive.o
    0x0800755e   0x00000008   Code   RO        22947    .text._ZZN4mbed8CallbackIFvvEEC1IPNS_14BufferedSerialEMS4_FvvELi0EEET_T0_ENKUlvE_clEv  BUILD/NUCLEO_F446RE/ARMC6/mbed-os/drivers/source/BufferedSerial.o
    0x08007566   0x00000004   Code   RO        26974    .text._ZdaPv        BUILD/NUCLEO_F446RE/ARMC6/mbed-os/platform/source/mbed_retarget.o
    0x0800756a   0x00000004   Code   RO        26914    .text._ZdlPv        BUILD/NUCLEO_F446RE/ARMC6/mbed-os/platform/source/mbed_retarget.o
    0x0800756e   0x00000004   Code   RO        26970    .text._ZnajRKSt9nothrow_t  BUILD/NUCLEO_F446RE/ARMC6/mbed-os/platform/source/mbed_retarget.o
    0x08007572   0x0000002e   Code   RO        26956    .text.__cxa_guard_acquire  BUILD/NUCLEO_F446RE/ARMC6/mbed-os/platform/source/mbed_retarget.o
    0x080075a0   0x0000000e   Code   RO        26962    .text.__cxa_guard_release  BUILD/NUCLEO_F446RE/ARMC6/mbed-os/platform/source/mbed_retarget.o
    0x080075ae   0x00000002   PAD
    0x080075b0   0x00000028   Code   RO        34839    .text.__cxa_pure_virtual  c:\ProgramData\Mbed Studio\mbed-studio-tools\ac6\bin\..\lib\libcxx\libcppabi_w.l(cxa_virtual.cpp.o)
    0x080075d8   0x00000038   Code   RO         1103    .text.__rt_entry    BUILD/NUCLEO_F446RE/ARMC6/mbed-os/cmsis/device/rtos/TOOLCHAIN_ARM_STD/mbed_boot_arm_std.o
    0x08007610   0x0000004c   Code   RO         1107    .text.__user_perthread_libspace  BUILD/NUCLEO_F446RE/ARMC6/mbed-os/cmsis/device/rtos/TOOLCHAIN_ARM_STD/mbed_boot_arm_std.o
    0x0800765c   0x00000004   Code   RO        26892    .text.__user_setup_stackheap  BUILD/NUCLEO_F446RE/ARMC6/mbed-os/platform/source/mbed_retarget.o
    0x08007660   0x00000026   Code   RO        25805    .text._gpio_init_in  BUILD/NUCLEO_F446RE/ARMC6/mbed-os/hal/source/mbed_gpio.o
    0x08007686   0x00000030   Code   RO        25811    .text._gpio_init_out  BUILD/NUCLEO_F446RE/ARMC6/mbed-os/hal/source/mbed_gpio.o
    0x080076b6   0x00000002   PAD
    0x080076b8   0x0000002c   Code   RO        26888    .text._mbed_user_setup_stackheap  BUILD/NUCLEO_F446RE/ARMC6/mbed-os/platform/source/mbed_retarget.o
    0x080076e4   0x0000001a   Code   RO         1113    .text._mutex_acquire  BUILD/NUCLEO_F446RE/ARMC6/mbed-os/cmsis/device/rtos/TOOLCHAIN_ARM_STD/mbed_boot_arm_std.o
    0x080076fe   0x00000002   PAD
    0x08007700   0x00000044   Code   RO         1117    .text._mutex_free   BUILD/NUCLEO_F446RE/ARMC6/mbed-os/cmsis/device/rtos/TOOLCHAIN_ARM_STD/mbed_boot_arm_std.o
    0x08007744   0x0000009c   Code   RO         1111    .text._mutex_initialize  BUILD/NUCLEO_F446RE/ARMC6/mbed-os/cmsis/device/rtos/TOOLCHAIN_ARM_STD/mbed_boot_arm_std.o
    0x080077e0   0x00000016   Code   RO         1115    .text._mutex_release  BUILD/NUCLEO_F446RE/ARMC6/mbed-os/cmsis/device/rtos/TOOLCHAIN_ARM_STD/mbed_boot_arm_std.o
    0x080077f6   0x00000004   Code   RO          683    .text._platform_post_stackheap_init  BUILD/NUCLEO_F446RE/ARMC6/mbed-os/cmsis/CMSIS_5/CMSIS/RTOS2/RTX/Source/rtx_lib.o
    0x080077fa   0x00000004   Code   RO        26856    .text._sys_close    BUILD/NUCLEO_F446RE/ARMC6/mbed-os/platform/source/mbed_retarget.o
    0x080077fe   0x00000002   Code   RO        26866    .text._sys_exit     BUILD/NUCLEO_F446RE/ARMC6/mbed-os/platform/source/mbed_retarget.o
    0x08007800   0x00000026   Code   RO        26886    .text._sys_flen     BUILD/NUCLEO_F446RE/ARMC6/mbed-os/platform/source/mbed_retarget.o
    0x08007826   0x00000004   Code   RO        26874    .text._sys_istty    BUILD/NUCLEO_F446RE/ARMC6/mbed-os/platform/source/mbed_retarget.o
    0x0800782a   0x00000002   PAD
    0x0800782c   0x00000084   Code   RO        26850    .text._sys_open     BUILD/NUCLEO_F446RE/ARMC6/mbed-os/platform/source/mbed_retarget.o
    0x080078b0   0x00000006   Code   RO        26876    .text._sys_seek     BUILD/NUCLEO_F446RE/ARMC6/mbed-os/platform/source/mbed_retarget.o
    0x080078b6   0x00000002   PAD
    0x080078b8   0x000000c0   Code   RO        26860    .text._sys_write    BUILD/NUCLEO_F446RE/ARMC6/mbed-os/platform/source/mbed_retarget.o
    0x08007978   0x00000014   Code   RO        26868    .text._ttywrch      BUILD/NUCLEO_F446RE/ARMC6/mbed-os/platform/source/mbed_retarget.o
    0x0800798c   0x00000014   Code   RO        27073    .text._wait_us_ticks  BUILD/NUCLEO_F446RE/ARMC6/mbed-os/platform/source/mbed_wait_api_no_rtos.o
    0x080079a0   0x00000004   Code   RO        35222    .text.abort_message  c:\ProgramData\Mbed Studio\mbed-studio-tools\ac6\bin\..\lib\libcxx\libcppabi_w.l(abort_message.cpp.o)
    0x080079a4   0x0000004c   Code   RO        33698    .text.analogout_free  BUILD/NUCLEO_F446RE/ARMC6/mbed-os/targets/TARGET_STM/TARGET_STM32F4/analogout_device.o
    0x080079f0   0x00000148   Code   RO        33696    .text.analogout_init  BUILD/NUCLEO_F446RE/ARMC6/mbed-os/targets/TARGET_STM/TARGET_STM32F4/analogout_device.o
    0x08007b38   0x0000003c   Code   RO        33797    .text.analogout_write  BUILD/NUCLEO_F446RE/ARMC6/mbed-os/targets/TARGET_STM/analogout_api.o
    0x08007b74   0x00000006   Code   RO        33801    .text.analogout_write_u16  BUILD/NUCLEO_F446RE/ARMC6/mbed-os/targets/TARGET_STM/analogout_api.o
    0x08007b7a   0x00000002   Code   RO        25958    .text.block_us_ticker_free  BUILD/NUCLEO_F446RE/ARMC6/mbed-os/hal/source/mbed_us_ticker_api.o
    0x08007b7c   0x000000fc   Code   RO        33847    .text.can_irq       BUILD/NUCLEO_F446RE/ARMC6/mbed-os/targets/TARGET_STM/can_api.o
    0x08007c78   0x00000038   Code   RO        26858    .text.close         BUILD/NUCLEO_F446RE/ARMC6/mbed-os/platform/source/mbed_retarget.o
    0x08007cb0   0x0000000c   Code   RO        26655    .text.core_util_are_interrupts_enabled  BUILD/NUCLEO_F446RE/ARMC6/mbed-os/platform/source/mbed_critical.o
    0x08007cbc   0x00000012   Code   RO        26558    .text.core_util_atomic_decr_u16  BUILD/NUCLEO_F446RE/ARMC6/mbed-os/platform/source/mbed_atomic_impl.o
    0x08007cce   0x00000010   Code   RO        26544    .text.core_util_atomic_exchange_u8  BUILD/NUCLEO_F446RE/ARMC6/mbed-os/platform/source/mbed_atomic_impl.o
    0x08007cde   0x00000014   Code   RO        26542    .text.core_util_atomic_flag_test_and_set  BUILD/NUCLEO_F446RE/ARMC6/mbed-os/platform/source/mbed_atomic_impl.o
    0x08007cf2   0x00000012   Code   RO        26552    .text.core_util_atomic_incr_u16  BUILD/NUCLEO_F446RE/ARMC6/mbed-os/platform/source/mbed_atomic_impl.o
    0x08007d04   0x00000010   Code   RO        26661    .text.core_util_critical_section_enter  BUILD/NUCLEO_F446RE/ARMC6/mbed-os/platform/source/mbed_critical.o
    0x08007d14   0x00000018   Code   RO        26663    .text.core_util_critical_section_exit  BUILD/NUCLEO_F446RE/ARMC6/mbed-os/platform/source/mbed_critical.o
    0x08007d2c   0x00000004   Code   RO        26659    .text.core_util_in_critical_section  BUILD/NUCLEO_F446RE/ARMC6/mbed-os/platform/source/mbed_critical.o
    0x08007d30   0x0000000c   Code   RO        26657    .text.core_util_is_isr_active  BUILD/NUCLEO_F446RE/ARMC6/mbed-os/platform/source/mbed_critical.o
    0x08007d3c   0x00000014   Code   RO        33799    .text.dac_write     BUILD/NUCLEO_F446RE/ARMC6/mbed-os/targets/TARGET_STM/analogout_api.o
    0x08007d50   0x00000024   Code   RO        26668    .text.error         BUILD/NUCLEO_F446RE/ARMC6/mbed-os/platform/source/mbed_error.o
    0x08007d74   0x0000001c   Code   RO        25942    .text.exact_log2    BUILD/NUCLEO_F446RE/ARMC6/mbed-os/hal/source/mbed_ticker_api.o
    0x08007d90   0x0000002c   Code   RO        26932    .text.exit          BUILD/NUCLEO_F446RE/ARMC6/mbed-os/platform/source/mbed_retarget.o
    0x08007dbc   0x00000028   Code   RO        26884    .text.fsync         BUILD/NUCLEO_F446RE/ARMC6/mbed-os/platform/source/mbed_retarget.o
    0x08007de4   0x00000058   Code   RO        34179    .text.get_uart_index  BUILD/NUCLEO_F446RE/ARMC6/mbed-os/targets/TARGET_STM/serial_api.o
    0x08007e3c   0x00000008   Code   RO        25952    .text.get_us_ticker_data  BUILD/NUCLEO_F446RE/ARMC6/mbed-os/hal/source/mbed_us_ticker_api.o
    0x08007e44   0x0000002a   Code   RO        33879    .text.gpio_dir      BUILD/NUCLEO_F446RE/ARMC6/mbed-os/targets/TARGET_STM/gpio_api.o
    0x08007e6e   0x00000002   PAD
    0x08007e70   0x00000044   Code   RO        33875    .text.gpio_init     BUILD/NUCLEO_F446RE/ARMC6/mbed-os/targets/TARGET_STM/gpio_api.o
    0x08007eb4   0x00000006   Code   RO        25801    .text.gpio_init_in  BUILD/NUCLEO_F446RE/ARMC6/mbed-os/hal/source/mbed_gpio.o
    0x08007eba   0x00000006   Code   RO        25807    .text.gpio_init_out  BUILD/NUCLEO_F446RE/ARMC6/mbed-os/hal/source/mbed_gpio.o
    0x08007ec0   0x00000008   Code   RO        25809    .text.gpio_init_out_ex  BUILD/NUCLEO_F446RE/ARMC6/mbed-os/hal/source/mbed_gpio.o
    0x08007ec8   0x00000006   Code   RO        33885    .text.gpio_irq0     BUILD/NUCLEO_F446RE/ARMC6/mbed-os/targets/TARGET_STM/gpio_irq_api.o
    0x08007ece   0x00000006   Code   RO        33887    .text.gpio_irq1     BUILD/NUCLEO_F446RE/ARMC6/mbed-os/targets/TARGET_STM/gpio_irq_api.o
    0x08007ed4   0x00000006   Code   RO        33889    .text.gpio_irq2     BUILD/NUCLEO_F446RE/ARMC6/mbed-os/targets/TARGET_STM/gpio_irq_api.o
    0x08007eda   0x00000006   Code   RO        33891    .text.gpio_irq3     BUILD/NUCLEO_F446RE/ARMC6/mbed-os/targets/TARGET_STM/gpio_irq_api.o
    0x08007ee0   0x00000006   Code   RO        33893    .text.gpio_irq4     BUILD/NUCLEO_F446RE/ARMC6/mbed-os/targets/TARGET_STM/gpio_irq_api.o
    0x08007ee6   0x00000008   Code   RO        33895    .text.gpio_irq5     BUILD/NUCLEO_F446RE/ARMC6/mbed-os/targets/TARGET_STM/gpio_irq_api.o
    0x08007eee   0x00000008   Code   RO        33897    .text.gpio_irq6     BUILD/NUCLEO_F446RE/ARMC6/mbed-os/targets/TARGET_STM/gpio_irq_api.o
    0x08007ef6   0x00000002   PAD
    0x08007ef8   0x000000a4   Code   RO        33903    .text.gpio_irq_disable  BUILD/NUCLEO_F446RE/ARMC6/mbed-os/targets/TARGET_STM/gpio_irq_api.o
    0x08007f9c   0x00000094   Code   RO        33899    .text.gpio_irq_enable  BUILD/NUCLEO_F446RE/ARMC6/mbed-os/targets/TARGET_STM/gpio_irq_api.o
    0x08008030   0x00000064   Code   RO        33901    .text.gpio_irq_free  BUILD/NUCLEO_F446RE/ARMC6/mbed-os/targets/TARGET_STM/gpio_irq_api.o
    0x08008094   0x00000190   Code   RO        33883    .text.gpio_irq_init  BUILD/NUCLEO_F446RE/ARMC6/mbed-os/targets/TARGET_STM/gpio_irq_api.o
    0x08008224   0x00000064   Code   RO        33905    .text.gpio_irq_set  BUILD/NUCLEO_F446RE/ARMC6/mbed-os/targets/TARGET_STM/gpio_irq_api.o
    0x08008288   0x00000008   Code   RO        33877    .text.gpio_mode     BUILD/NUCLEO_F446RE/ARMC6/mbed-os/targets/TARGET_STM/gpio_api.o
    0x08008290   0x00000018   Code   RO        33873    .text.gpio_set      BUILD/NUCLEO_F446RE/ARMC6/mbed-os/targets/TARGET_STM/gpio_api.o
    0x080082a8   0x00000014   Code   RO        25799    .text.gpio_write    BUILD/NUCLEO_F446RE/ARMC6/mbed-os/hal/source/mbed_gpio.o
    0x080082bc   0x00000018   Code   RO        25786    .text.hal_critical_section_enter  BUILD/NUCLEO_F446RE/ARMC6/mbed-os/hal/source/mbed_critical_section_api.o
    0x080082d4   0x00000010   Code   RO        25788    .text.hal_critical_section_exit  BUILD/NUCLEO_F446RE/ARMC6/mbed-os/hal/source/mbed_critical_section_api.o
    0x080082e4   0x00000114   Code   RO        34191    .text.hal_deepsleep  BUILD/NUCLEO_F446RE/ARMC6/mbed-os/targets/TARGET_STM/sleep.o
    0x080083f8   0x0000000c   Code   RO        25790    .text.hal_in_critical_section  BUILD/NUCLEO_F446RE/ARMC6/mbed-os/hal/source/mbed_critical_section_api.o
    0x08008404   0x00000020   Code   RO        34189    .text.hal_sleep     BUILD/NUCLEO_F446RE/ARMC6/mbed-os/targets/TARGET_STM/sleep.o
    0x08008424   0x00000094   Code   RO        26670    .text.handle_error  BUILD/NUCLEO_F446RE/ARMC6/mbed-os/platform/source/mbed_error.o
    0x080084b8   0x000000b4   Code   RO        33907    .text.handle_interrupt_in  BUILD/NUCLEO_F446RE/ARMC6/mbed-os/targets/TARGET_STM/gpio_irq_api.o
    0x0800856c   0x000000a8   Code   RO        34279    .text.init_32bit_timer  BUILD/NUCLEO_F446RE/ARMC6/mbed-os/targets/TARGET_STM/us_ticker.o
    0x08008614   0x00000060   Code   RO        34159    .text.init_uart     BUILD/NUCLEO_F446RE/ARMC6/mbed-os/targets/TARGET_STM/serial_api.o
    0x08008674   0x000000e4   Code   RO        25914    .text.initialize    BUILD/NUCLEO_F446RE/ARMC6/mbed-os/hal/source/mbed_ticker_api.o
    0x08008758   0x00000050   Code   RO        25924    .text.insert_event  BUILD/NUCLEO_F446RE/ARMC6/mbed-os/hal/source/mbed_ticker_api.o
    0x080087a8   0x00000028   Code   RO        26844    .text.isatty        BUILD/NUCLEO_F446RE/ARMC6/mbed-os/platform/source/mbed_retarget.o
    0x080087d0   0x0000002a   Code   RO        26878    .text.lseek         BUILD/NUCLEO_F446RE/ARMC6/mbed-os/platform/source/mbed_retarget.o
    0x080087fa   0x00000002   PAD
    0x080087fc   0x0000011c   Code   RO          467    .text.main          BUILD/NUCLEO_F446RE/ARMC6/main.o
    0x08008918   0x00000064   Code   RO        26644    .text.mbed_die      BUILD/NUCLEO_F446RE/ARMC6/mbed-os/platform/source/mbed_board.o
    0x0800897c   0x00000020   Code   RO        26690    .text.mbed_error    BUILD/NUCLEO_F446RE/ARMC6/mbed-os/platform/source/mbed_error.o
    0x0800899c   0x00000018   Code   RO        26646    .text.mbed_error_printf  BUILD/NUCLEO_F446RE/ARMC6/mbed-os/platform/source/mbed_board.o
    0x080089b4   0x0000004c   Code   RO        26650    .text.mbed_error_puts  BUILD/NUCLEO_F446RE/ARMC6/mbed-os/platform/source/mbed_board.o
    0x08008a00   0x00000034   Code   RO        26648    .text.mbed_error_vprintf  BUILD/NUCLEO_F446RE/ARMC6/mbed-os/platform/source/mbed_board.o
    0x08008a34   0x000000f4   Code   RO        26520    .text.mbed_fault_handler  BUILD/NUCLEO_F446RE/ARMC6/mbed-os/platform/source/TARGET_CORTEX_M/mbed_fault_handler.o
    0x08008b28   0x0000000c   Code   RO        26686    .text.mbed_get_error_in_progress  BUILD/NUCLEO_F446RE/ARMC6/mbed-os/platform/source/mbed_error.o
    0x08008b34   0x00000030   Code   RO        26672    .text.mbed_halt_system  BUILD/NUCLEO_F446RE/ARMC6/mbed-os/platform/source/mbed_error.o
    0x08008b64   0x0000003c   Code   RO         1125    .text.mbed_init     BUILD/NUCLEO_F446RE/ARMC6/mbed-os/cmsis/device/rtos/source/mbed_boot.o
    0x08008ba0   0x0000005c   Code   RO        25966    .text.mbed_mpu_init  BUILD/NUCLEO_F446RE/ARMC6/mbed-os/hal/source/mpu/mbed_mpu_v7m.o
    0x08008bfc   0x00000004   Code   RO         1141    .text.mbed_rtos_init  BUILD/NUCLEO_F446RE/ARMC6/mbed-os/cmsis/device/rtos/source/mbed_rtos_rtx.o
    0x08008c00   0x00000024   Code   RO         1145    .text.mbed_rtos_init_singleton_mutex  BUILD/NUCLEO_F446RE/ARMC6/mbed-os/cmsis/device/rtos/source/mbed_rtos_rtx.o
    0x08008c24   0x00000068   Code   RO         1143    .text.mbed_rtos_start  BUILD/NUCLEO_F446RE/ARMC6/mbed-os/cmsis/device/rtos/source/mbed_rtos_rtx.o
    0x08008c8c   0x00000038   Code   RO        34058    .text.mbed_sdk_init  BUILD/NUCLEO_F446RE/ARMC6/mbed-os/targets/TARGET_STM/mbed_overrides.o
    0x08008cc4   0x0000001e   Code   RO         1129    .text.mbed_start    BUILD/NUCLEO_F446RE/ARMC6/mbed-os/cmsis/device/rtos/source/mbed_boot.o
    0x08008ce2   0x00000002   PAD
    0x08008ce4   0x00000018   Code   RO         1105    .text.mbed_toolchain_init  BUILD/NUCLEO_F446RE/ARMC6/mbed-os/cmsis/device/rtos/TOOLCHAIN_ARM_STD/mbed_boot_arm_std.o
    0x08008cfc   0x00000084   Code   RO        26852    .text.open          BUILD/NUCLEO_F446RE/ARMC6/mbed-os/platform/source/mbed_retarget.o
    0x08008d80   0x00000030   Code   RO          535    .text.osDelay       BUILD/NUCLEO_F446RE/ARMC6/mbed-os/cmsis/CMSIS_5/CMSIS/RTOS2/RTX/Source/rtx_delay.o
    0x08008db0   0x00000030   Code   RO          623    .text.osKernelGetState  BUILD/NUCLEO_F446RE/ARMC6/mbed-os/cmsis/CMSIS_5/CMSIS/RTOS2/RTX/Source/rtx_kernel.o
    0x08008de0   0x0000002c   Code   RO          617    .text.osKernelInitialize  BUILD/NUCLEO_F446RE/ARMC6/mbed-os/cmsis/CMSIS_5/CMSIS/RTOS2/RTX/Source/rtx_kernel.o
    0x08008e0c   0x00000028   Code   RO          627    .text.osKernelStart  BUILD/NUCLEO_F446RE/ARMC6/mbed-os/cmsis/CMSIS_5/CMSIS/RTOS2/RTX/Source/rtx_kernel.o
    0x08008e34   0x00000070   Code   RO          766    .text.osMessageQueueGet  BUILD/NUCLEO_F446RE/ARMC6/mbed-os/cmsis/CMSIS_5/CMSIS/RTOS2/RTX/Source/rtx_msgqueue.o
    0x08008ea4   0x0000007c   Code   RO          764    .text.osMessageQueuePut  BUILD/NUCLEO_F446RE/ARMC6/mbed-os/cmsis/CMSIS_5/CMSIS/RTOS2/RTX/Source/rtx_msgqueue.o
    0x08008f20   0x0000002c   Code   RO          820    .text.osMutexAcquire  BUILD/NUCLEO_F446RE/ARMC6/mbed-os/cmsis/CMSIS_5/CMSIS/RTOS2/RTX/Source/rtx_mutex.o
    0x08008f4c   0x0000002c   Code   RO          826    .text.osMutexDelete  BUILD/NUCLEO_F446RE/ARMC6/mbed-os/cmsis/CMSIS_5/CMSIS/RTOS2/RTX/Source/rtx_mutex.o
    0x08008f78   0x00000034   Code   RO          816    .text.osMutexNew    BUILD/NUCLEO_F446RE/ARMC6/mbed-os/cmsis/CMSIS_5/CMSIS/RTOS2/RTX/Source/rtx_mutex.o
    0x08008fac   0x0000002c   Code   RO          822    .text.osMutexRelease  BUILD/NUCLEO_F446RE/ARMC6/mbed-os/cmsis/CMSIS_5/CMSIS/RTOS2/RTX/Source/rtx_mutex.o
    0x08008fd8   0x00000050   Code   RO         1160    .text.osRtxErrorNotify  BUILD/NUCLEO_F446RE/ARMC6/mbed-os/cmsis/device/rtos/source/mbed_rtx_handlers.o
    0x08009028   0x00000004   Code   RO         1158    .text.osRtxIdleThread  BUILD/NUCLEO_F446RE/ARMC6/mbed-os/cmsis/device/rtos/source/mbed_rtx_handlers.o
    0x0800902c   0x00000016   Code   RO          615    .text.osRtxKernelErrorNotify  BUILD/NUCLEO_F446RE/ARMC6/mbed-os/cmsis/CMSIS_5/CMSIS/RTOS2/RTX/Source/rtx_kernel.o
    0x08009042   0x0000006c   Code   RO          702    .text.osRtxMemoryAlloc  BUILD/NUCLEO_F446RE/ARMC6/mbed-os/cmsis/CMSIS_5/CMSIS/RTOS2/RTX/Source/rtx_memory.o
    0x080090ae   0x00000042   Code   RO          704    .text.osRtxMemoryFree  BUILD/NUCLEO_F446RE/ARMC6/mbed-os/cmsis/CMSIS_5/CMSIS/RTOS2/RTX/Source/rtx_memory.o
    0x080090f0   0x00000036   Code   RO          700    .text.osRtxMemoryInit  BUILD/NUCLEO_F446RE/ARMC6/mbed-os/cmsis/CMSIS_5/CMSIS/RTOS2/RTX/Source/rtx_memory.o
    0x08009126   0x0000003a   Code   RO          710    .text.osRtxMemoryPoolAlloc  BUILD/NUCLEO_F446RE/ARMC6/mbed-os/cmsis/CMSIS_5/CMSIS/RTOS2/RTX/Source/rtx_mempool.o
    0x08009160   0x0000004a   Code   RO          712    .text.osRtxMemoryPoolFree  BUILD/NUCLEO_F446RE/ARMC6/mbed-os/cmsis/CMSIS_5/CMSIS/RTOS2/RTX/Source/rtx_mempool.o
    0x080091aa   0x00000038   Code   RO          708    .text.osRtxMemoryPoolInit  BUILD/NUCLEO_F446RE/ARMC6/mbed-os/cmsis/CMSIS_5/CMSIS/RTOS2/RTX/Source/rtx_mempool.o
    0x080091e2   0x000000aa   Code   RO          788    .text.osRtxMessageQueuePostProcess  BUILD/NUCLEO_F446RE/ARMC6/mbed-os/cmsis/CMSIS_5/CMSIS/RTOS2/RTX/Source/rtx_msgqueue.o
    0x0800928c   0x00000024   Code   RO          756    .text.osRtxMessageQueueTimerSetup  BUILD/NUCLEO_F446RE/ARMC6/mbed-os/cmsis/CMSIS_5/CMSIS/RTOS2/RTX/Source/rtx_msgqueue.o
    0x080092b0   0x00000048   Code   RO          812    .text.osRtxMutexOwnerRelease  BUILD/NUCLEO_F446RE/ARMC6/mbed-os/cmsis/CMSIS_5/CMSIS/RTOS2/RTX/Source/rtx_mutex.o
    0x080092f8   0x00000048   Code   RO          814    .text.osRtxMutexOwnerRestore  BUILD/NUCLEO_F446RE/ARMC6/mbed-os/cmsis/CMSIS_5/CMSIS/RTOS2/RTX/Source/rtx_mutex.o
    0x08009340   0x00000088   Code   RO          884    .text.osRtxPendSV_Handler  BUILD/NUCLEO_F446RE/ARMC6/mbed-os/cmsis/CMSIS_5/CMSIS/RTOS2/RTX/Source/rtx_system.o
    0x080093c8   0x00000070   Code   RO          886    .text.osRtxPostProcess  BUILD/NUCLEO_F446RE/ARMC6/mbed-os/cmsis/CMSIS_5/CMSIS/RTOS2/RTX/Source/rtx_system.o
    0x08009438   0x00000036   Code   RO          864    .text.osRtxSemaphorePostProcess  BUILD/NUCLEO_F446RE/ARMC6/mbed-os/cmsis/CMSIS_5/CMSIS/RTOS2/RTX/Source/rtx_semaphore.o
    0x0800946e   0x00000002   PAD
    0x08009470   0x00000034   Code   RO          910    .text.osRtxThreadBlock  BUILD/NUCLEO_F446RE/ARMC6/mbed-os/cmsis/CMSIS_5/CMSIS/RTOS2/RTX/Source/rtx_thread.o
    0x080094a4   0x0000007c   Code   RO          918    .text.osRtxThreadDelayInsert  BUILD/NUCLEO_F446RE/ARMC6/mbed-os/cmsis/CMSIS_5/CMSIS/RTOS2/RTX/Source/rtx_thread.o
    0x08009520   0x0000003c   Code   RO          914    .text.osRtxThreadDelayRemove  BUILD/NUCLEO_F446RE/ARMC6/mbed-os/cmsis/CMSIS_5/CMSIS/RTOS2/RTX/Source/rtx_thread.o
    0x0800955c   0x00000048   Code   RO          900    .text.osRtxThreadDelayTick  BUILD/NUCLEO_F446RE/ARMC6/mbed-os/cmsis/CMSIS_5/CMSIS/RTOS2/RTX/Source/rtx_thread.o
    0x080095a4   0x00000020   Code   RO         1002    .text.osRtxThreadDestroy  BUILD/NUCLEO_F446RE/ARMC6/mbed-os/cmsis/CMSIS_5/CMSIS/RTOS2/RTX/Source/rtx_thread.o
    0x080095c4   0x00000050   Code   RO          908    .text.osRtxThreadDispatch  BUILD/NUCLEO_F446RE/ARMC6/mbed-os/cmsis/CMSIS_5/CMSIS/RTOS2/RTX/Source/rtx_thread.o
    0x08009614   0x00000058   Code   RO          994    .text.osRtxThreadFree  BUILD/NUCLEO_F446RE/ARMC6/mbed-os/cmsis/CMSIS_5/CMSIS/RTOS2/RTX/Source/rtx_thread.o
    0x0800966c   0x0000001e   Code   RO         1000    .text.osRtxThreadJoinWakeup  BUILD/NUCLEO_F446RE/ARMC6/mbed-os/cmsis/CMSIS_5/CMSIS/RTOS2/RTX/Source/rtx_thread.o
    0x0800968a   0x00000012   Code   RO          892    .text.osRtxThreadListGet  BUILD/NUCLEO_F446RE/ARMC6/mbed-os/cmsis/CMSIS_5/CMSIS/RTOS2/RTX/Source/rtx_thread.o
    0x0800969c   0x0000002c   Code   RO          890    .text.osRtxThreadListPut  BUILD/NUCLEO_F446RE/ARMC6/mbed-os/cmsis/CMSIS_5/CMSIS/RTOS2/RTX/Source/rtx_thread.o
    0x080096c8   0x00000014   Code   RO          896    .text.osRtxThreadListRemove  BUILD/NUCLEO_F446RE/ARMC6/mbed-os/cmsis/CMSIS_5/CMSIS/RTOS2/RTX/Source/rtx_thread.o
    0x080096dc   0x0000000c   Code   RO          902    .text.osRtxThreadListRoot  BUILD/NUCLEO_F446RE/ARMC6/mbed-os/cmsis/CMSIS_5/CMSIS/RTOS2/RTX/Source/rtx_thread.o
    0x080096e8   0x00000026   Code   RO          894    .text.osRtxThreadListSort  BUILD/NUCLEO_F446RE/ARMC6/mbed-os/cmsis/CMSIS_5/CMSIS/RTOS2/RTX/Source/rtx_thread.o
    0x0800970e   0x00000020   Code   RO          968    .text.osRtxThreadPostProcess  BUILD/NUCLEO_F446RE/ARMC6/mbed-os/cmsis/CMSIS_5/CMSIS/RTOS2/RTX/Source/rtx_thread.o
    0x0800972e   0x00000002   PAD
    0x08009730   0x00000010   Code   RO          898    .text.osRtxThreadReadyPut  BUILD/NUCLEO_F446RE/ARMC6/mbed-os/cmsis/CMSIS_5/CMSIS/RTOS2/RTX/Source/rtx_thread.o
    0x08009740   0x00000014   Code   RO          904    .text.osRtxThreadRegPtr  BUILD/NUCLEO_F446RE/ARMC6/mbed-os/cmsis/CMSIS_5/CMSIS/RTOS2/RTX/Source/rtx_thread.o
    0x08009754   0x00000038   Code   RO          920    .text.osRtxThreadStartup  BUILD/NUCLEO_F446RE/ARMC6/mbed-os/cmsis/CMSIS_5/CMSIS/RTOS2/RTX/Source/rtx_thread.o
    0x0800978c   0x00000010   Code   RO          906    .text.osRtxThreadSwitch  BUILD/NUCLEO_F446RE/ARMC6/mbed-os/cmsis/CMSIS_5/CMSIS/RTOS2/RTX/Source/rtx_thread.o
    0x0800979c   0x0000003c   Code   RO          916    .text.osRtxThreadWaitEnter  BUILD/NUCLEO_F446RE/ARMC6/mbed-os/cmsis/CMSIS_5/CMSIS/RTOS2/RTX/Source/rtx_thread.o
    0x080097d8   0x00000030   Code   RO          912    .text.osRtxThreadWaitExit  BUILD/NUCLEO_F446RE/ARMC6/mbed-os/cmsis/CMSIS_5/CMSIS/RTOS2/RTX/Source/rtx_thread.o
    0x08009808   0x00000078   Code   RO          882    .text.osRtxTick_Handler  BUILD/NUCLEO_F446RE/ARMC6/mbed-os/cmsis/CMSIS_5/CMSIS/RTOS2/RTX/Source/rtx_system.o
    0x08009880   0x00000020   Code   RO         1042    .text.osRtxTimerSetup  BUILD/NUCLEO_F446RE/ARMC6/mbed-os/cmsis/CMSIS_5/CMSIS/RTOS2/RTX/Source/rtx_timer.o
    0x080098a0   0x00000020   Code   RO         1046    .text.osRtxTimerThread  BUILD/NUCLEO_F446RE/ARMC6/mbed-os/cmsis/CMSIS_5/CMSIS/RTOS2/RTX/Source/rtx_timer.o
    0x080098c0   0x00000070   Code   RO         1044    .text.osRtxTimerTick  BUILD/NUCLEO_F446RE/ARMC6/mbed-os/cmsis/CMSIS_5/CMSIS/RTOS2/RTX/Source/rtx_timer.o
    0x08009930   0x00000030   Code   RO          860    .text.osSemaphoreDelete  BUILD/NUCLEO_F446RE/ARMC6/mbed-os/cmsis/CMSIS_5/CMSIS/RTOS2/RTX/Source/rtx_semaphore.o
    0x08009960   0x00000034   Code   RO          848    .text.osSemaphoreNew  BUILD/NUCLEO_F446RE/ARMC6/mbed-os/cmsis/CMSIS_5/CMSIS/RTOS2/RTX/Source/rtx_semaphore.o
    0x08009994   0x00000050   Code   RO          854    .text.osSemaphoreRelease  BUILD/NUCLEO_F446RE/ARMC6/mbed-os/cmsis/CMSIS_5/CMSIS/RTOS2/RTX/Source/rtx_semaphore.o
    0x080099e4   0x0000001c   Code   RO          952    .text.osThreadExit  BUILD/NUCLEO_F446RE/ARMC6/mbed-os/cmsis/CMSIS_5/CMSIS/RTOS2/RTX/Source/rtx_thread.o
    0x08009a00   0x00000024   Code   RO          964    .text.osThreadFlagsGet  BUILD/NUCLEO_F446RE/ARMC6/mbed-os/cmsis/CMSIS_5/CMSIS/RTOS2/RTX/Source/rtx_thread.o
    0x08009a24   0x00000068   Code   RO          960    .text.osThreadFlagsSet  BUILD/NUCLEO_F446RE/ARMC6/mbed-os/cmsis/CMSIS_5/CMSIS/RTOS2/RTX/Source/rtx_thread.o
    0x08009a8c   0x00000028   Code   RO          966    .text.osThreadFlagsWait  BUILD/NUCLEO_F446RE/ARMC6/mbed-os/cmsis/CMSIS_5/CMSIS/RTOS2/RTX/Source/rtx_thread.o
    0x08009ab4   0x00000028   Code   RO          928    .text.osThreadGetId  BUILD/NUCLEO_F446RE/ARMC6/mbed-os/cmsis/CMSIS_5/CMSIS/RTOS2/RTX/Source/rtx_thread.o
    0x08009adc   0x00000034   Code   RO          924    .text.osThreadNew   BUILD/NUCLEO_F446RE/ARMC6/mbed-os/cmsis/CMSIS_5/CMSIS/RTOS2/RTX/Source/rtx_thread.o
    0x08009b10   0x00000034   Code   RO          954    .text.osThreadTerminate  BUILD/NUCLEO_F446RE/ARMC6/mbed-os/cmsis/CMSIS_5/CMSIS/RTOS2/RTX/Source/rtx_thread.o
    0x08009b44   0x00000020   Code   RO         1109    .text.os_kernel_is_active  BUILD/NUCLEO_F446RE/ARMC6/mbed-os/cmsis/device/rtos/TOOLCHAIN_ARM_STD/mbed_boot_arm_std.o
    0x08009b64   0x000000e0   Code   RO        34064    .text.pin_function  BUILD/NUCLEO_F446RE/ARMC6/mbed-os/targets/TARGET_STM/pinmap.o
    0x08009c44   0x00000078   Code   RO        34068    .text.pin_mode      BUILD/NUCLEO_F446RE/ARMC6/mbed-os/targets/TARGET_STM/pinmap.o
    0x08009cbc   0x00000022   Code   RO        25875    .text.pinmap_find_function  BUILD/NUCLEO_F446RE/ARMC6/mbed-os/hal/source/mbed_pinmap_common.o
    0x08009cde   0x00000022   Code   RO        25871    .text.pinmap_find_peripheral  BUILD/NUCLEO_F446RE/ARMC6/mbed-os/hal/source/mbed_pinmap_common.o
    0x08009d00   0x00000024   Code   RO        25869    .text.pinmap_merge  BUILD/NUCLEO_F446RE/ARMC6/mbed-os/hal/source/mbed_pinmap_common.o
    0x08009d24   0x00000028   Code   RO        25873    .text.pinmap_peripheral  BUILD/NUCLEO_F446RE/ARMC6/mbed-os/hal/source/mbed_pinmap_common.o
    0x08009d4c   0x0000015c   Code   RO        26522    .text.print_context_info  BUILD/NUCLEO_F446RE/ARMC6/mbed-os/platform/source/TARGET_CORTEX_M/mbed_fault_handler.o
    0x08009ea8   0x00000014   Code   RO        34295    .text.restore_timer_ctx  BUILD/NUCLEO_F446RE/ARMC6/mbed-os/targets/TARGET_STM/us_ticker.o
    0x08009ebc   0x0000000c   Code   RO         1173    .text.rtos_idle_loop  BUILD/NUCLEO_F446RE/ARMC6/mbed-os/cmsis/device/rtos/source/mbed_rtx_idle.o
    0x08009ec8   0x0000001c   Code   RO        34293    .text.save_timer_ctx  BUILD/NUCLEO_F446RE/ARMC6/mbed-os/targets/TARGET_STM/us_ticker.o
    0x08009ee4   0x000000ca   Code   RO        25920    .text.schedule_interrupt  BUILD/NUCLEO_F446RE/ARMC6/mbed-os/hal/source/mbed_ticker_api.o
    0x08009fae   0x00000006   Code   RO        34157    .text.serial_baud   BUILD/NUCLEO_F446RE/ARMC6/mbed-os/targets/TARGET_STM/serial_api.o
    0x08009fb4   0x000000c0   Code   RO        34161    .text.serial_format  BUILD/NUCLEO_F446RE/ARMC6/mbed-os/targets/TARGET_STM/serial_api.o
    0x0800a074   0x00000114   Code   RO        34155    .text.serial_free   BUILD/NUCLEO_F446RE/ARMC6/mbed-os/targets/TARGET_STM/serial_api.o
    0x0800a188   0x0000003c   Code   RO        33748    .text.serial_getc   BUILD/NUCLEO_F446RE/ARMC6/mbed-os/targets/TARGET_STM/TARGET_STM32F4/serial_device.o
    0x0800a1c4   0x000001d4   Code   RO        34153    .text.serial_init   BUILD/NUCLEO_F446RE/ARMC6/mbed-os/targets/TARGET_STM/serial_api.o
    0x0800a398   0x0000000e   Code   RO        25989    .text.serial_init_direct  BUILD/NUCLEO_F446RE/ARMC6/mbed-os/hal/source/static_pinmap.o
    0x0800a3a6   0x00000002   PAD
    0x0800a3a8   0x00000014   Code   RO        33732    .text.serial_irq_handler  BUILD/NUCLEO_F446RE/ARMC6/mbed-os/targets/TARGET_STM/TARGET_STM32F4/serial_device.o
    0x0800a3bc   0x000000f0   Code   RO        33734    .text.serial_irq_set  BUILD/NUCLEO_F446RE/ARMC6/mbed-os/targets/TARGET_STM/TARGET_STM32F4/serial_device.o
    0x0800a4ac   0x00000088   Code   RO        34181    .text.serial_is_tx_ongoing  BUILD/NUCLEO_F446RE/ARMC6/mbed-os/targets/TARGET_STM/serial_api.o
    0x0800a534   0x00000028   Code   RO        33750    .text.serial_putc   BUILD/NUCLEO_F446RE/ARMC6/mbed-os/targets/TARGET_STM/TARGET_STM32F4/serial_device.o
    0x0800a55c   0x0000002c   Code   RO        34171    .text.serial_readable  BUILD/NUCLEO_F446RE/ARMC6/mbed-os/targets/TARGET_STM/serial_api.o
    0x0800a588   0x00000018   Code   RO        34173    .text.serial_writable  BUILD/NUCLEO_F446RE/ARMC6/mbed-os/targets/TARGET_STM/serial_api.o
    0x0800a5a0   0x00000024   Code   RO        26801    .text.sleep_manager_lock_deep_sleep_internal  BUILD/NUCLEO_F446RE/ARMC6/mbed-os/platform/source/mbed_power_mgmt.o
    0x0800a5c4   0x00000020   Code   RO        26809    .text.sleep_manager_sleep_auto  BUILD/NUCLEO_F446RE/ARMC6/mbed-os/platform/source/mbed_power_mgmt.o
    0x0800a5e4   0x00000030   Code   RO        26803    .text.sleep_manager_unlock_deep_sleep_internal  BUILD/NUCLEO_F446RE/ARMC6/mbed-os/platform/source/mbed_power_mgmt.o
    0x0800a614   0x0000003a   Code   RO        34066    .text.stm_pin_PullConfig  BUILD/NUCLEO_F446RE/ARMC6/mbed-os/targets/TARGET_STM/pinmap.o
    0x0800a64e   0x00000026   Code   RO          539    .text.svcRtxDelay   BUILD/NUCLEO_F446RE/ARMC6/mbed-os/cmsis/CMSIS_5/CMSIS/RTOS2/RTX/Source/rtx_delay.o
    0x0800a674   0x00000008   Code   RO          625    .text.svcRtxKernelGetState  BUILD/NUCLEO_F446RE/ARMC6/mbed-os/cmsis/CMSIS_5/CMSIS/RTOS2/RTX/Source/rtx_kernel.o
    0x0800a67c   0x000000f8   Code   RO          655    .text.svcRtxKernelInitialize  BUILD/NUCLEO_F446RE/ARMC6/mbed-os/cmsis/CMSIS_5/CMSIS/RTOS2/RTX/Source/rtx_kernel.o
    0x0800a774   0x00000098   Code   RO          657    .text.svcRtxKernelStart  BUILD/NUCLEO_F446RE/ARMC6/mbed-os/cmsis/CMSIS_5/CMSIS/RTOS2/RTX/Source/rtx_kernel.o
    0x0800a80c   0x000000d0   Code   RO          800    .text.svcRtxMessageQueueGet  BUILD/NUCLEO_F446RE/ARMC6/mbed-os/cmsis/CMSIS_5/CMSIS/RTOS2/RTX/Source/rtx_msgqueue.o
    0x0800a8dc   0x00000134   Code   RO          758    .text.svcRtxMessageQueueNew  BUILD/NUCLEO_F446RE/ARMC6/mbed-os/cmsis/CMSIS_5/CMSIS/RTOS2/RTX/Source/rtx_msgqueue.o
    0x0800aa10   0x000000bc   Code   RO          796    .text.svcRtxMessageQueuePut  BUILD/NUCLEO_F446RE/ARMC6/mbed-os/cmsis/CMSIS_5/CMSIS/RTOS2/RTX/Source/rtx_msgqueue.o
    0x0800aacc   0x000000a0   Code   RO          832    .text.svcRtxMutexAcquire  BUILD/NUCLEO_F446RE/ARMC6/mbed-os/cmsis/CMSIS_5/CMSIS/RTOS2/RTX/Source/rtx_mutex.o
    0x0800ab6c   0x000000ac   Code   RO          838    .text.svcRtxMutexDelete  BUILD/NUCLEO_F446RE/ARMC6/mbed-os/cmsis/CMSIS_5/CMSIS/RTOS2/RTX/Source/rtx_mutex.o
    0x0800ac18   0x00000078   Code   RO          828    .text.svcRtxMutexNew  BUILD/NUCLEO_F446RE/ARMC6/mbed-os/cmsis/CMSIS_5/CMSIS/RTOS2/RTX/Source/rtx_mutex.o
    0x0800ac90   0x000000c4   Code   RO          834    .text.svcRtxMutexRelease  BUILD/NUCLEO_F446RE/ARMC6/mbed-os/cmsis/CMSIS_5/CMSIS/RTOS2/RTX/Source/rtx_mutex.o
    0x0800ad54   0x00000060   Code   RO          874    .text.svcRtxSemaphoreDelete  BUILD/NUCLEO_F446RE/ARMC6/mbed-os/cmsis/CMSIS_5/CMSIS/RTOS2/RTX/Source/rtx_semaphore.o
    0x0800adb4   0x00000098   Code   RO          862    .text.svcRtxSemaphoreNew  BUILD/NUCLEO_F446RE/ARMC6/mbed-os/cmsis/CMSIS_5/CMSIS/RTOS2/RTX/Source/rtx_semaphore.o
    0x0800ae4c   0x00000040   Code   RO          872    .text.svcRtxSemaphoreRelease  BUILD/NUCLEO_F446RE/ARMC6/mbed-os/cmsis/CMSIS_5/CMSIS/RTOS2/RTX/Source/rtx_semaphore.o
    0x0800ae8c   0x00000048   Code   RO          998    .text.svcRtxThreadExit  BUILD/NUCLEO_F446RE/ARMC6/mbed-os/cmsis/CMSIS_5/CMSIS/RTOS2/RTX/Source/rtx_thread.o
    0x0800aed4   0x00000010   Code   RO         1014    .text.svcRtxThreadFlagsGet  BUILD/NUCLEO_F446RE/ARMC6/mbed-os/cmsis/CMSIS_5/CMSIS/RTOS2/RTX/Source/rtx_thread.o
    0x0800aee4   0x00000066   Code   RO         1010    .text.svcRtxThreadFlagsSet  BUILD/NUCLEO_F446RE/ARMC6/mbed-os/cmsis/CMSIS_5/CMSIS/RTOS2/RTX/Source/rtx_thread.o
    0x0800af4a   0x00000002   PAD
    0x0800af4c   0x0000005c   Code   RO         1016    .text.svcRtxThreadFlagsWait  BUILD/NUCLEO_F446RE/ARMC6/mbed-os/cmsis/CMSIS_5/CMSIS/RTOS2/RTX/Source/rtx_thread.o
    0x0800afa8   0x0000000c   Code   RO          930    .text.svcRtxThreadGetId  BUILD/NUCLEO_F446RE/ARMC6/mbed-os/cmsis/CMSIS_5/CMSIS/RTOS2/RTX/Source/rtx_thread.o
    0x0800afb4   0x00000210   Code   RO          922    .text.svcRtxThreadNew  BUILD/NUCLEO_F446RE/ARMC6/mbed-os/cmsis/CMSIS_5/CMSIS/RTOS2/RTX/Source/rtx_thread.o
    0x0800b1c4   0x00000094   Code   RO         1004    .text.svcRtxThreadTerminate  BUILD/NUCLEO_F446RE/ARMC6/mbed-os/cmsis/CMSIS_5/CMSIS/RTOS2/RTX/Source/rtx_thread.o
    0x0800b258   0x00000004   Code   RO        27063    .text.thread_sleep_for  BUILD/NUCLEO_F446RE/ARMC6/mbed-os/platform/source/mbed_thread.o
    0x0800b25c   0x00000024   Code   RO        25926    .text.ticker_insert_event_us  BUILD/NUCLEO_F446RE/ARMC6/mbed-os/hal/source/mbed_ticker_api.o
    0x0800b280   0x0000005e   Code   RO        25916    .text.ticker_irq_handler  BUILD/NUCLEO_F446RE/ARMC6/mbed-os/hal/source/mbed_ticker_api.o
    0x0800b2de   0x00000020   Code   RO        25932    .text.ticker_read_us  BUILD/NUCLEO_F446RE/ARMC6/mbed-os/hal/source/mbed_ticker_api.o
    0x0800b2fe   0x00000030   Code   RO        25928    .text.ticker_remove_event  BUILD/NUCLEO_F446RE/ARMC6/mbed-os/hal/source/mbed_ticker_api.o
    0x0800b32e   0x0000001a   Code   RO        25912    .text.ticker_set_handler  BUILD/NUCLEO_F446RE/ARMC6/mbed-os/hal/source/mbed_ticker_api.o
    0x0800b348   0x00000024   Code   RO        34277    .text.timer_irq_handler  BUILD/NUCLEO_F446RE/ARMC6/mbed-os/targets/TARGET_STM/us_ticker.o
    0x0800b36c   0x0000000c   Code   RO        33736    .text.uart1_irq     BUILD/NUCLEO_F446RE/ARMC6/mbed-os/targets/TARGET_STM/TARGET_STM32F4/serial_device.o
    0x0800b378   0x0000000c   Code   RO        33738    .text.uart2_irq     BUILD/NUCLEO_F446RE/ARMC6/mbed-os/targets/TARGET_STM/TARGET_STM32F4/serial_device.o
    0x0800b384   0x0000000c   Code   RO        33740    .text.uart3_irq     BUILD/NUCLEO_F446RE/ARMC6/mbed-os/targets/TARGET_STM/TARGET_STM32F4/serial_device.o
    0x0800b390   0x0000000c   Code   RO        33742    .text.uart4_irq     BUILD/NUCLEO_F446RE/ARMC6/mbed-os/targets/TARGET_STM/TARGET_STM32F4/serial_device.o
    0x0800b39c   0x0000000c   Code   RO        33744    .text.uart5_irq     BUILD/NUCLEO_F446RE/ARMC6/mbed-os/targets/TARGET_STM/TARGET_STM32F4/serial_device.o
    0x0800b3a8   0x0000000c   Code   RO        33746    .text.uart6_irq     BUILD/NUCLEO_F446RE/ARMC6/mbed-os/targets/TARGET_STM/TARGET_STM32F4/serial_device.o
    0x0800b3b4   0x00000068   Code   RO        33776    .text.uart_irq      BUILD/NUCLEO_F446RE/ARMC6/mbed-os/targets/TARGET_STM/TARGET_STM32F4/serial_device.o
    0x0800b41c   0x0000007c   Code   RO        25918    .text.update_present_time  BUILD/NUCLEO_F446RE/ARMC6/mbed-os/hal/source/mbed_ticker_api.o
    0x0800b498   0x0000000c   Code   RO        34291    .text.us_ticker_clear_interrupt  BUILD/NUCLEO_F446RE/ARMC6/mbed-os/targets/TARGET_STM/us_ticker.o
    0x0800b4a4   0x00000010   Code   RO        34289    .text.us_ticker_disable_interrupt  BUILD/NUCLEO_F446RE/ARMC6/mbed-os/targets/TARGET_STM/us_ticker.o
    0x0800b4b4   0x0000001c   Code   RO        34287    .text.us_ticker_fire_interrupt  BUILD/NUCLEO_F446RE/ARMC6/mbed-os/targets/TARGET_STM/us_ticker.o
    0x0800b4d0   0x00000008   Code   RO        34275    .text.us_ticker_get_info  BUILD/NUCLEO_F446RE/ARMC6/mbed-os/targets/TARGET_STM/us_ticker.o
    0x0800b4d8   0x00000014   Code   RO        34281    .text.us_ticker_init  BUILD/NUCLEO_F446RE/ARMC6/mbed-os/targets/TARGET_STM/us_ticker.o
    0x0800b4ec   0x00000014   Code   RO        25956    .text.us_ticker_irq_handler  BUILD/NUCLEO_F446RE/ARMC6/mbed-os/hal/source/mbed_us_ticker_api.o
    0x0800b500   0x0000000c   Code   RO        34283    .text.us_ticker_read  BUILD/NUCLEO_F446RE/ARMC6/mbed-os/targets/TARGET_STM/us_ticker.o
    0x0800b50c   0x0000001c   Code   RO        34285    .text.us_ticker_set_interrupt  BUILD/NUCLEO_F446RE/ARMC6/mbed-os/targets/TARGET_STM/us_ticker.o
    0x0800b528   0x0000002a   Code   RO        26864    .text.write         BUILD/NUCLEO_F446RE/ARMC6/mbed-os/platform/source/mbed_retarget.o
    0x0800b552   0x0000003e   Code   RO        35575    CL$$btod_d2e        c:\ProgramData\Mbed Studio\mbed-studio-tools\ac6\bin\..\lib\armlib\c_w.l(btod.o)
    0x0800b590   0x00000046   Code   RO        35577    CL$$btod_d2e_denorm_low  c:\ProgramData\Mbed Studio\mbed-studio-tools\ac6\bin\..\lib\armlib\c_w.l(btod.o)
    0x0800b5d6   0x00000060   Code   RO        35576    CL$$btod_d2e_norm_op1  c:\ProgramData\Mbed Studio\mbed-studio-tools\ac6\bin\..\lib\armlib\c_w.l(btod.o)
    0x0800b636   0x00000002   PAD
    0x0800b638   0x00000338   Code   RO        35585    CL$$btod_div_common  c:\ProgramData\Mbed Studio\mbed-studio-tools\ac6\bin\..\lib\armlib\c_w.l(btod.o)
    0x0800b970   0x000000dc   Code   RO        35582    CL$$btod_e2e        c:\ProgramData\Mbed Studio\mbed-studio-tools\ac6\bin\..\lib\armlib\c_w.l(btod.o)
    0x0800ba4c   0x0000002a   Code   RO        35579    CL$$btod_ediv       c:\ProgramData\Mbed Studio\mbed-studio-tools\ac6\bin\..\lib\armlib\c_w.l(btod.o)
    0x0800ba76   0x0000002a   Code   RO        35578    CL$$btod_emul       c:\ProgramData\Mbed Studio\mbed-studio-tools\ac6\bin\..\lib\armlib\c_w.l(btod.o)
    0x0800baa0   0x00000244   Code   RO        35584    CL$$btod_mult_common  c:\ProgramData\Mbed Studio\mbed-studio-tools\ac6\bin\..\lib\armlib\c_w.l(btod.o)
    0x0800bce4   0x00000030   Code   RO        35713    i.__ARM_fpclassify  c:\ProgramData\Mbed Studio\mbed-studio-tools\ac6\bin\..\lib\armlib\m_wm.l(fpclassify.o)
    0x0800bd14   0x00000026   Code   RO        35509    i.__ARM_fpclassifyf  c:\ProgramData\Mbed Studio\mbed-studio-tools\ac6\bin\..\lib\armlib\m_wm.l(fpclassifyf.o)
    0x0800bd3a   0x00000002   PAD
    0x0800bd3c   0x000002ac   Code   RO        34844    i.__hardfp_atan2f   c:\ProgramData\Mbed Studio\mbed-studio-tools\ac6\bin\..\lib\armlib\m_wm.l(atan2f.o)
    0x0800bfe8   0x00000160   Code   RO        34850    i.__hardfp_atanf    c:\ProgramData\Mbed Studio\mbed-studio-tools\ac6\bin\..\lib\armlib\m_wm.l(atanf.o)
    0x0800c148   0x0000006c   Code   RO        34856    i.__hardfp_ceilf    c:\ProgramData\Mbed Studio\mbed-studio-tools\ac6\bin\..\lib\armlib\m_wm.l(ceilf.o)
    0x0800c1b4   0x00000004   PAD
    0x0800c1b8   0x000000c8   Code   RO        34862    i.__hardfp_cos      c:\ProgramData\Mbed Studio\mbed-studio-tools\ac6\bin\..\lib\armlib\m_wm.l(cos.o)
    0x0800c280   0x00000150   Code   RO        34868    i.__hardfp_cosf     c:\ProgramData\Mbed Studio\mbed-studio-tools\ac6\bin\..\lib\armlib\m_wm.l(cosf.o)
    0x0800c3d0   0x00000070   Code   RO        34874    i.__hardfp_floorf   c:\ProgramData\Mbed Studio\mbed-studio-tools\ac6\bin\..\lib\armlib\m_wm.l(floorf.o)
    0x0800c440   0x00000104   Code   RO        34880    i.__hardfp_fmod     c:\ProgramData\Mbed Studio\mbed-studio-tools\ac6\bin\..\lib\armlib\m_wm.l(fmod.o)
    0x0800c544   0x000000b0   Code   RO        34886    i.__hardfp_fmodf    c:\ProgramData\Mbed Studio\mbed-studio-tools\ac6\bin\..\lib\armlib\m_wm.l(fmodf.o)
    0x0800c5f4   0x00000180   Code   RO        34892    i.__hardfp_log10f   c:\ProgramData\Mbed Studio\mbed-studio-tools\ac6\bin\..\lib\armlib\m_wm.l(log10f.o)
    0x0800c774   0x00000664   Code   RO        34899    i.__hardfp_powf     c:\ProgramData\Mbed Studio\mbed-studio-tools\ac6\bin\..\lib\armlib\m_wm.l(powf.o)
    0x0800cdd8   0x000000c8   Code   RO        34906    i.__hardfp_sin      c:\ProgramData\Mbed Studio\mbed-studio-tools\ac6\bin\..\lib\armlib\m_wm.l(sin.o)
    0x0800cea0   0x00000190   Code   RO        34912    i.__hardfp_sinf     c:\ProgramData\Mbed Studio\mbed-studio-tools\ac6\bin\..\lib\armlib\m_wm.l(sinf.o)
    0x0800d030   0x0000007a   Code   RO        34918    i.__hardfp_sqrt     c:\ProgramData\Mbed Studio\mbed-studio-tools\ac6\bin\..\lib\armlib\m_wm.l(sqrt.o)
    0x0800d0aa   0x0000003a   Code   RO        34924    i.__hardfp_sqrtf    c:\ProgramData\Mbed Studio\mbed-studio-tools\ac6\bin\..\lib\armlib\m_wm.l(sqrtf.o)
    0x0800d0e4   0x00000004   PAD
    0x0800d0e8   0x00000438   Code   RO        35525    i.__ieee754_rem_pio2  c:\ProgramData\Mbed Studio\mbed-studio-tools\ac6\bin\..\lib\armlib\m_wm.l(rred.o)
    0x0800d520   0x00000170   Code   RO        35492    i.__kernel_cos      c:\ProgramData\Mbed Studio\mbed-studio-tools\ac6\bin\..\lib\armlib\m_wm.l(cos_i.o)
    0x0800d690   0x000000f8   Code   RO        35715    i.__kernel_poly     c:\ProgramData\Mbed Studio\mbed-studio-tools\ac6\bin\..\lib\armlib\m_wm.l(poly.o)
    0x0800d788   0x00000130   Code   RO        35533    i.__kernel_sin      c:\ProgramData\Mbed Studio\mbed-studio-tools\ac6\bin\..\lib\armlib\m_wm.l(sin_i.o)
    0x0800d8b8   0x00000014   Code   RO        35496    i.__mathlib_dbl_infnan  c:\ProgramData\Mbed Studio\mbed-studio-tools\ac6\bin\..\lib\armlib\m_wm.l(dunder.o)
    0x0800d8cc   0x00000004   PAD
    0x0800d8d0   0x00000020   Code   RO        35498    i.__mathlib_dbl_invalid  c:\ProgramData\Mbed Studio\mbed-studio-tools\ac6\bin\..\lib\armlib\m_wm.l(dunder.o)
    0x0800d8f0   0x00000020   Code   RO        35501    i.__mathlib_dbl_underflow  c:\ProgramData\Mbed Studio\mbed-studio-tools\ac6\bin\..\lib\armlib\m_wm.l(dunder.o)
    0x0800d910   0x00000014   Code   RO        35511    i.__mathlib_flt_divzero  c:\ProgramData\Mbed Studio\mbed-studio-tools\ac6\bin\..\lib\armlib\m_wm.l(funder.o)
    0x0800d924   0x00000006   Code   RO        35512    i.__mathlib_flt_infnan  c:\ProgramData\Mbed Studio\mbed-studio-tools\ac6\bin\..\lib\armlib\m_wm.l(funder.o)
    0x0800d92a   0x00000006   Code   RO        35513    i.__mathlib_flt_infnan2  c:\ProgramData\Mbed Studio\mbed-studio-tools\ac6\bin\..\lib\armlib\m_wm.l(funder.o)
    0x0800d930   0x00000010   Code   RO        35514    i.__mathlib_flt_invalid  c:\ProgramData\Mbed Studio\mbed-studio-tools\ac6\bin\..\lib\armlib\m_wm.l(funder.o)
    0x0800d940   0x00000010   Code   RO        35515    i.__mathlib_flt_overflow  c:\ProgramData\Mbed Studio\mbed-studio-tools\ac6\bin\..\lib\armlib\m_wm.l(funder.o)
    0x0800d950   0x00000010   Code   RO        35517    i.__mathlib_flt_underflow  c:\ProgramData\Mbed Studio\mbed-studio-tools\ac6\bin\..\lib\armlib\m_wm.l(funder.o)
    0x0800d960   0x00000154   Code   RO        35530    i.__mathlib_rredf2  c:\ProgramData\Mbed Studio\mbed-studio-tools\ac6\bin\..\lib\armlib\m_wm.l(rredf.o)
    0x0800dab4   0x0000000e   Code   RO        34546    i._is_digit         c:\ProgramData\Mbed Studio\mbed-studio-tools\ac6\bin\..\lib\armlib\c_w.l(__printf_wp.o)
    0x0800dac2   0x00000018   Code   RO        35709    i.fabs              c:\ProgramData\Mbed Studio\mbed-studio-tools\ac6\bin\..\lib\armlib\m_wm.l(fabs.o)
    0x0800dada   0x0000001a   Code   RO        34594    i.fputc             c:\ProgramData\Mbed Studio\mbed-studio-tools\ac6\bin\..\lib\armlib\c_w.l(fputc.o)
    0x0800daf4   0x0000002c   Code   RO        35066    locale$$code        c:\ProgramData\Mbed Studio\mbed-studio-tools\ac6\bin\..\lib\armlib\c_w.l(lc_ctype_c.o)
    0x0800db20   0x0000002c   Code   RO        35626    locale$$code        c:\ProgramData\Mbed Studio\mbed-studio-tools\ac6\bin\..\lib\armlib\c_w.l(lc_numeric_c.o)
    0x0800db4c   0x00000018   Code   RO        35133    x$fpl$basic         c:\ProgramData\Mbed Studio\mbed-studio-tools\ac6\bin\..\lib\armlib\fz_wm.l(basic.o)
    0x0800db64   0x00000062   Code   RO        34707    x$fpl$d2f           c:\ProgramData\Mbed Studio\mbed-studio-tools\ac6\bin\..\lib\armlib\fz_wm.l(d2f.o)
    0x0800dbc6   0x00000002   PAD
    0x0800dbc8   0x00000150   Code   RO        34709    x$fpl$dadd          c:\ProgramData\Mbed Studio\mbed-studio-tools\ac6\bin\..\lib\armlib\fz_wm.l(daddsub_clz.o)
    0x0800dd18   0x00000018   Code   RO        35664    x$fpl$dcmpinf       c:\ProgramData\Mbed Studio\mbed-studio-tools\ac6\bin\..\lib\armlib\fz_wm.l(dcmpi.o)
    0x0800dd30   0x000002b4   Code   RO        34718    x$fpl$ddiv          c:\ProgramData\Mbed Studio\mbed-studio-tools\ac6\bin\..\lib\armlib\fz_wm.l(ddiv.o)
    0x0800dfe4   0x00000078   Code   RO        35135    x$fpl$deqf          c:\ProgramData\Mbed Studio\mbed-studio-tools\ac6\bin\..\lib\armlib\fz_wm.l(deqf.o)
    0x0800e05c   0x0000005e   Code   RO        34721    x$fpl$dfix          c:\ProgramData\Mbed Studio\mbed-studio-tools\ac6\bin\..\lib\armlib\fz_wm.l(dfix.o)
    0x0800e0ba   0x0000002e   Code   RO        34734    x$fpl$dflt          c:\ProgramData\Mbed Studio\mbed-studio-tools\ac6\bin\..\lib\armlib\fz_wm.l(dflt_clz.o)
    0x0800e0e8   0x00000026   Code   RO        34733    x$fpl$dfltu         c:\ProgramData\Mbed Studio\mbed-studio-tools\ac6\bin\..\lib\armlib\fz_wm.l(dflt_clz.o)
    0x0800e10e   0x00000002   PAD
    0x0800e110   0x00000078   Code   RO        35137    x$fpl$dgeqf         c:\ProgramData\Mbed Studio\mbed-studio-tools\ac6\bin\..\lib\armlib\fz_wm.l(dgeqf.o)
    0x0800e188   0x00000078   Code   RO        35139    x$fpl$dleqf         c:\ProgramData\Mbed Studio\mbed-studio-tools\ac6\bin\..\lib\armlib\fz_wm.l(dleqf.o)
    0x0800e200   0x00000154   Code   RO        34739    x$fpl$dmul          c:\ProgramData\Mbed Studio\mbed-studio-tools\ac6\bin\..\lib\armlib\fz_wm.l(dmul.o)
    0x0800e354   0x0000009c   Code   RO        35141    x$fpl$dnaninf       c:\ProgramData\Mbed Studio\mbed-studio-tools\ac6\bin\..\lib\armlib\fz_wm.l(dnaninf.o)
    0x0800e3f0   0x00000150   Code   RO        35143    x$fpl$drem          c:\ProgramData\Mbed Studio\mbed-studio-tools\ac6\bin\..\lib\armlib\fz_wm.l(drem_clz.o)
    0x0800e540   0x0000000c   Code   RO        35145    x$fpl$dretinf       c:\ProgramData\Mbed Studio\mbed-studio-tools\ac6\bin\..\lib\armlib\fz_wm.l(dretinf.o)
    0x0800e54c   0x00000016   Code   RO        34710    x$fpl$drsb          c:\ProgramData\Mbed Studio\mbed-studio-tools\ac6\bin\..\lib\armlib\fz_wm.l(daddsub_clz.o)
    0x0800e562   0x00000002   PAD
    0x0800e564   0x00000198   Code   RO        35147    x$fpl$dsqrt         c:\ProgramData\Mbed Studio\mbed-studio-tools\ac6\bin\..\lib\armlib\fz_wm.l(dsqrt_umaal.o)
    0x0800e6fc   0x000001dc   Code   RO        34711    x$fpl$dsub          c:\ProgramData\Mbed Studio\mbed-studio-tools\ac6\bin\..\lib\armlib\fz_wm.l(daddsub_clz.o)
    0x0800e8d8   0x00000056   Code   RO        34741    x$fpl$f2d           c:\ProgramData\Mbed Studio\mbed-studio-tools\ac6\bin\..\lib\armlib\fz_wm.l(f2d.o)
    0x0800e92e   0x00000054   Code   RO        34715    x$fpl$fcmp          c:\ProgramData\Mbed Studio\mbed-studio-tools\ac6\bin\..\lib\armlib\fz_wm.l(dcmp.o)
    0x0800e982   0x00000060   Code   RO        34747    x$fpl$ffltll        c:\ProgramData\Mbed Studio\mbed-studio-tools\ac6\bin\..\lib\armlib\fz_wm.l(ffltll_clz.o)
    0x0800e9e2   0x0000008c   Code   RO        35149    x$fpl$fnaninf       c:\ProgramData\Mbed Studio\mbed-studio-tools\ac6\bin\..\lib\armlib\fz_wm.l(fnaninf.o)
    0x0800ea6e   0x0000001a   Code   RO        35666    x$fpl$fpinit        c:\ProgramData\Mbed Studio\mbed-studio-tools\ac6\bin\..\lib\armlib\fz_wm.l(fpinit.o)
    0x0800ea88   0x000000f4   Code   RO        35151    x$fpl$frem          c:\ProgramData\Mbed Studio\mbed-studio-tools\ac6\bin\..\lib\armlib\fz_wm.l(frem_clz.o)
    0x0800eb7c   0x0000000a   Code   RO        35153    x$fpl$fretinf       c:\ProgramData\Mbed Studio\mbed-studio-tools\ac6\bin\..\lib\armlib\fz_wm.l(fretinf.o)
    0x0800eb86   0x00000002   PAD
    0x0800eb88   0x00000086   Code   RO        34743    x$fpl$llsfromf      c:\ProgramData\Mbed Studio\mbed-studio-tools\ac6\bin\..\lib\armlib\fz_wm.l(ffixll.o)
    0x0800ec0e   0x00000004   Code   RO        34749    x$fpl$printf1       c:\ProgramData\Mbed Studio\mbed-studio-tools\ac6\bin\..\lib\armlib\fz_wm.l(printf1.o)
    0x0800ec12   0x00000004   Code   RO        35157    x$fpl$printf2       c:\ProgramData\Mbed Studio\mbed-studio-tools\ac6\bin\..\lib\armlib\fz_wm.l(printf2.o)
    0x0800ec16   0x00000000   Code   RO        35165    x$fpl$usenofp       c:\ProgramData\Mbed Studio\mbed-studio-tools\ac6\bin\..\lib\armlib\fz_wm.l(usenofp.o)
    0x0800ec16   0x00000002   PAD
    0x0800ec18   0x00000008   Data   RO        34507    .constdata          c:\ProgramData\Mbed Studio\mbed-studio-tools\ac6\bin\..\lib\armlib\c_w.l(_printf_wctomb.o)
    0x0800ec20   0x00000028   Data   RO        34534    .constdata          c:\ProgramData\Mbed Studio\mbed-studio-tools\ac6\bin\..\lib\armlib\c_w.l(_printf_hex_int_ll_ptr.o)
    0x0800ec48   0x00000011   Data   RO        34554    .constdata          c:\ProgramData\Mbed Studio\mbed-studio-tools\ac6\bin\..\lib\armlib\c_w.l(__printf_flags_ss_wp.o)
    0x0800ec59   0x00000003   PAD
    0x0800ec5c   0x00000040   Data   RO        34895    .constdata          c:\ProgramData\Mbed Studio\mbed-studio-tools\ac6\bin\..\lib\armlib\m_wm.l(log10f.o)
    0x0800ec9c   0x00000140   Data   RO        34902    .constdata          c:\ProgramData\Mbed Studio\mbed-studio-tools\ac6\bin\..\lib\armlib\m_wm.l(powf.o)
    0x0800eddc   0x00000004   PAD
    0x0800ede0   0x00000030   Data   RO        35493    .constdata          c:\ProgramData\Mbed Studio\mbed-studio-tools\ac6\bin\..\lib\armlib\m_wm.l(cos_i.o)
    0x0800ee10   0x000000cc   Data   RO        35527    .constdata          c:\ProgramData\Mbed Studio\mbed-studio-tools\ac6\bin\..\lib\armlib\m_wm.l(rred.o)
    0x0800eedc   0x00000020   Data   RO        35531    .constdata          c:\ProgramData\Mbed Studio\mbed-studio-tools\ac6\bin\..\lib\armlib\m_wm.l(rredf.o)
    0x0800eefc   0x00000004   PAD
    0x0800ef00   0x00000028   Data   RO        35534    .constdata          c:\ProgramData\Mbed Studio\mbed-studio-tools\ac6\bin\..\lib\armlib\m_wm.l(sin_i.o)
    0x0800ef28   0x00000026   Data   RO        35552    .constdata          c:\ProgramData\Mbed Studio\mbed-studio-tools\ac6\bin\..\lib\armlib\c_w.l(_printf_fp_hex.o)
    0x0800ef4e   0x00000002   PAD
    0x0800ef50   0x00000094   Data   RO        35573    .constdata          c:\ProgramData\Mbed Studio\mbed-studio-tools\ac6\bin\..\lib\armlib\c_w.l(bigflt0.o)
    0x0800efe4   0x000000a8   Data   RO          689    .rodata             BUILD/NUCLEO_F446RE/ARMC6/mbed-os/cmsis/CMSIS_5/CMSIS/RTOS2/RTX/Source/rtx_lib.o
    0x0800f08c   0x00000010   Data   RO         1152    .rodata..L__const.mbed_rtos_init_singleton_mutex.singleton_mutex_attr  BUILD/NUCLEO_F446RE/ARMC6/mbed-os/cmsis/device/rtos/source/mbed_rtos_rtx.o
    0x0800f09c   0x00000010   Data   RO        33648    .rodata.AHBPrescTable  BUILD/NUCLEO_F446RE/ARMC6/mbed-os/targets/TARGET_STM/TARGET_STM32F4/STM32Cube_FW/system_stm32f4xx.o
    0x0800f0ac   0x00000008   Data   RO        33649    .rodata.APBPrescTable  BUILD/NUCLEO_F446RE/ARMC6/mbed-os/targets/TARGET_STM/TARGET_STM32F4/STM32Cube_FW/system_stm32f4xx.o
    0x0800f0b4   0x00000024   Data   RO        33654    .rodata.PinMap_DAC  BUILD/NUCLEO_F446RE/ARMC6/mbed-os/targets/TARGET_STM/TARGET_STM32F4/TARGET_STM32F446xE/TARGET_NUCLEO_F446RE/PeripheralPins.o
    0x0800f0d8   0x00000078   Data   RO        33659    .rodata.PinMap_UART_RX  BUILD/NUCLEO_F446RE/ARMC6/mbed-os/targets/TARGET_STM/TARGET_STM32F4/TARGET_STM32F446xE/TARGET_NUCLEO_F446RE/PeripheralPins.o
    0x0800f150   0x00000078   Data   RO        33658    .rodata.PinMap_UART_TX  BUILD/NUCLEO_F446RE/ARMC6/mbed-os/targets/TARGET_STM/TARGET_STM32F4/TARGET_STM32F446xE/TARGET_NUCLEO_F446RE/PeripheralPins.o
    0x0800f1c8   0x00000001   Data   RO        34836    .rodata._ZSt7nothrow  c:\ProgramData\Mbed Studio\mbed-studio-tools\ac6\bin\..\lib\libcxx\libcpp_w.l(new.cpp.o)
    0x0800f1c9   0x00000003   PAD
    0x0800f1cc   0x00000010   Data   RO          217    .rodata._ZTV10DataLogger  BUILD/NUCLEO_F446RE/ARMC6/Lib_Cntrl/DataLogger.o
    0x0800f1dc   0x00000010   Data   RO          426    .rodata._ZTV10IIR_filter  BUILD/NUCLEO_F446RE/ARMC6/Lib_Misc/IIR_filter.o
    0x0800f1ec   0x00000010   Data   RO           90    .rodata._ZTV10IO_handler  BUILD/NUCLEO_F446RE/ARMC6/Hardware/IO_handler.o
    0x0800f1fc   0x00000014   Data   RO          464    .rodata._ZTV10ThreadFlag  BUILD/NUCLEO_F446RE/ARMC6/Lib_Misc/ThreadFlag.o
    0x0800f210   0x00000050   Data   RO        27002    .rodata._ZTV12DirectSerial  BUILD/NUCLEO_F446RE/ARMC6/mbed-os/platform/source/mbed_retarget.o
    0x0800f260   0x00000010   Data   RO        34379    .rodata._ZTV13state_machine  BUILD/NUCLEO_F446RE/ARMC6/state_machine.o
    0x0800f270   0x00000010   Data   RO          340    .rodata._ZTV14EncoderCounter  BUILD/NUCLEO_F446RE/ARMC6/Lib_Misc/EncoderCounter.o
    0x0800f280   0x00000010   Data   RO        34356    .rodata._ZTV15realtime_thread  BUILD/NUCLEO_F446RE/ARMC6/realtime_thread.o
    0x0800f290   0x00000010   Data   RO          321    .rodata._ZTV16Enc_unwrap_scale  BUILD/NUCLEO_F446RE/ARMC6/Lib_Misc/Enc_unwrap_scale.o
    0x0800f2a0   0x00000010   Data   RO          353    .rodata._ZTV19EncoderCounterIndex  BUILD/NUCLEO_F446RE/ARMC6/Lib_Misc/EncoderCounterIndex.o
    0x0800f2b0   0x00000010   Data   RO          450    .rodata._ZTV21LinearCharacteristics  BUILD/NUCLEO_F446RE/ARMC6/Lib_Misc/LinearCharacteristics.o
    0x0800f2c0   0x00000010   Data   RO          184    .rodata._ZTV21uart_comm_thread_send  BUILD/NUCLEO_F446RE/ARMC6/Hardware/uart_comm_thread_send.o
    0x0800f2d0   0x00000010   Data   RO          149    .rodata._ZTV24uart_comm_thread_receive  BUILD/NUCLEO_F446RE/ARMC6/Hardware/uart_comm_thread_receive.o
    0x0800f2e0   0x00000010   Data   RO          294    .rodata._ZTV3GPA    BUILD/NUCLEO_F446RE/ARMC6/Lib_Cntrl/GPA.o
    0x0800f2f0   0x00000010   Data   RO          310    .rodata._ZTV9PID_Cntrl  BUILD/NUCLEO_F446RE/ARMC6/Lib_Cntrl/PID_Cntrl.o
    0x0800f300   0x00000018   Data   RO        23577    .rodata._ZTVN4mbed10SerialBaseE  BUILD/NUCLEO_F446RE/ARMC6/mbed-os/drivers/source/SerialBase.o
    0x0800f318   0x0000000c   Data   RO        23617    .rodata._ZTVN4mbed10TickerBaseE  BUILD/NUCLEO_F446RE/ARMC6/mbed-os/drivers/source/Ticker.o
    0x0800f324   0x0000000c   Data   RO        23703    .rodata._ZTVN4mbed10TimerEventE  BUILD/NUCLEO_F446RE/ARMC6/mbed-os/drivers/source/TimerEvent.o
    0x0800f330   0x00000010   Data   RO        23266    .rodata._ZTVN4mbed11InterruptInE  BUILD/NUCLEO_F446RE/ARMC6/mbed-os/drivers/source/InterruptIn.o
    0x0800f340   0x00000098   Data   RO        22923    .rodata._ZTVN4mbed14BufferedSerialE  BUILD/NUCLEO_F446RE/ARMC6/mbed-os/drivers/source/BufferedSerial.o
    0x0800f3d8   0x0000000c   Data   RO        23619    .rodata._ZTVN4mbed6TickerE  BUILD/NUCLEO_F446RE/ARMC6/mbed-os/drivers/source/Ticker.o
    0x0800f3e4   0x00000018   Data   RO          111    .rodata._ZTVN4mbed9AnalogOutE  BUILD/NUCLEO_F446RE/ARMC6/Hardware/IO_handler.o
    0x0800f3fc   0x00000010   Data   RO        27315    .rodata._ZTVN4rtos6ThreadE  BUILD/NUCLEO_F446RE/ARMC6/mbed-os/rtos/source/Thread.o
    0x0800f40c   0x00000018   Data   RO        27009    .rodata._ZZL15default_consolevE14console_pinmap  BUILD/NUCLEO_F446RE/ARMC6/mbed-os/platform/source/mbed_retarget.o
    0x0800f424   0x00000008   Data   RO        26998    .rodata.__stderr_name  BUILD/NUCLEO_F446RE/ARMC6/mbed-os/platform/source/mbed_retarget.o
    0x0800f42c   0x00000007   Data   RO        26996    .rodata.__stdin_name  BUILD/NUCLEO_F446RE/ARMC6/mbed-os/platform/source/mbed_retarget.o
    0x0800f433   0x00000008   Data   RO        26997    .rodata.__stdout_name  BUILD/NUCLEO_F446RE/ARMC6/mbed-os/platform/source/mbed_retarget.o
    0x0800f43b   0x00000001   PAD
    0x0800f43c   0x00000040   Data   RO        34070    .rodata.ll_pin_defines  BUILD/NUCLEO_F446RE/ARMC6/mbed-os/targets/TARGET_STM/pinmap.o
    0x0800f47c   0x00000004   Data   RO          691    .rodata.osRtxUserSVC  BUILD/NUCLEO_F446RE/ARMC6/mbed-os/cmsis/CMSIS_5/CMSIS/RTOS2/RTX/Source/rtx_lib.o
    0x0800f480   0x00000024   Data   RO          686    .rodata.os_idle_thread_attr  BUILD/NUCLEO_F446RE/ARMC6/mbed-os/cmsis/CMSIS_5/CMSIS/RTOS2/RTX/Source/rtx_lib.o
    0x0800f4a4   0x00000018   Data   RO          688    .rodata.os_timer_mq_attr  BUILD/NUCLEO_F446RE/ARMC6/mbed-os/cmsis/CMSIS_5/CMSIS/RTOS2/RTX/Source/rtx_lib.o
    0x0800f4bc   0x00000024   Data   RO          687    .rodata.os_timer_thread_attr  BUILD/NUCLEO_F446RE/ARMC6/mbed-os/cmsis/CMSIS_5/CMSIS/RTOS2/RTX/Source/rtx_lib.o
    0x0800f4e0   0x000000c0   Data   RO        33728    .rodata.pin_lines_desc  BUILD/NUCLEO_F446RE/ARMC6/mbed-os/targets/TARGET_STM/TARGET_STM32F4/gpio_irq_device.o
    0x0800f5a0   0x00000013   Data   RO          692    .rodata.str1.1      BUILD/NUCLEO_F446RE/ARMC6/mbed-os/cmsis/CMSIS_5/CMSIS/RTOS2/RTX/Source/rtx_lib.o
    0x0800f5b3   0x00000010   Data   RO         1150    .rodata.str1.1      BUILD/NUCLEO_F446RE/ARMC6/mbed-os/cmsis/device/rtos/source/mbed_rtos_rtx.o
    0x0800f5c3   0x000000c8   Data   RO        26526    .rodata.str1.1      BUILD/NUCLEO_F446RE/ARMC6/mbed-os/platform/source/TARGET_CORTEX_M/mbed_fault_handler.o
    0x0800f68b   0x0000002e   Data   RO        34185    .rodata.str1.1      BUILD/NUCLEO_F446RE/ARMC6/mbed-os/targets/TARGET_STM/serial_api.o
    0x0800f6b9   0x00000003   PAD
    0x0800f6bc   0x0000000b   Data   RO          679    .rodata.str1.4      BUILD/NUCLEO_F446RE/ARMC6/mbed-os/cmsis/CMSIS_5/CMSIS/RTOS2/RTX/Source/rtx_kernel.o
    0x0800f6c7   0x00000001   PAD
    0x0800f6c8   0x00000008   Data   RO        25960    .rodata.us_data     BUILD/NUCLEO_F446RE/ARMC6/mbed-os/hal/source/mbed_us_ticker_api.o
    0x0800f6d0   0x00000024   Data   RO        25962    .rodata.us_interface  BUILD/NUCLEO_F446RE/ARMC6/mbed-os/hal/source/mbed_us_ticker_api.o
    0x0800f6f4   0x00000008   Data   RO        34299    .rodata.us_ticker_get_info.info  BUILD/NUCLEO_F446RE/ARMC6/mbed-os/targets/TARGET_STM/us_ticker.o
    0x0800f6fc   0x00000020   Data   RO        35812    Region$$Table       anon$$obj.o
    0x0800f71c   0x00000110   Data   RO        35065    locale$$data        c:\ProgramData\Mbed Studio\mbed-studio-tools\ac6\bin\..\lib\armlib\c_w.l(lc_ctype_c.o)
    0x0800f82c   0x0000001c   Data   RO        35625    locale$$data        c:\ProgramData\Mbed Studio\mbed-studio-tools\ac6\bin\..\lib\armlib\c_w.l(lc_numeric_c.o)
    0x0800f848   0x00000004   Data   RO          478    .init_array         BUILD/NUCLEO_F446RE/ARMC6/main.o
    0x0800f84c   0x00000000   Data   RO        34702    .init_array         c:\ProgramData\Mbed Studio\mbed-studio-tools\ac6\bin\..\lib\armlib\c_w.l(init_aeabi.o)


    Execution Region RW_IRAM1 (Base: 0x200001c8, Size: 0x000036a8, Max: 0xffffffff, ABSOLUTE)

    Base Addr    Size         Type   Attr      Idx    E Section Name        Object

    0x200001c8   0x00000004   Data   RW        34620    .data               c:\ProgramData\Mbed Studio\mbed-studio-tools\ac6\bin\..\lib\armlib\c_w.l(stdio_streams.o)
    0x200001cc   0x00000004   Data   RW        34621    .data               c:\ProgramData\Mbed Studio\mbed-studio-tools\ac6\bin\..\lib\armlib\c_w.l(stdio_streams.o)
    0x200001d0   0x00000004   Data   RW        34622    .data               c:\ProgramData\Mbed Studio\mbed-studio-tools\ac6\bin\..\lib\armlib\c_w.l(stdio_streams.o)
    0x200001d4   0x00000004   Data   RW        35052    .data               c:\ProgramData\Mbed Studio\mbed-studio-tools\ac6\bin\..\lib\armlib\c_w.l(streamlock.o)
    0x200001d8   0x00000008   Data   RW        29218    .data..L_MergedGlobals  BUILD/NUCLEO_F446RE/ARMC6/mbed-os/targets/TARGET_STM/TARGET_STM32F4/STM32Cube_FW/STM32F4xx_HAL_Driver/stm32f4xx_hal.o
    0x200001e0   0x00000004   Data   RW        33647    .data.SystemCoreClock  BUILD/NUCLEO_F446RE/ARMC6/mbed-os/targets/TARGET_STM/TARGET_STM32F4/STM32Cube_FW/system_stm32f4xx.o
    0x200001e4   0x00000004   Data   RW          473    .data.Ts            BUILD/NUCLEO_F446RE/ARMC6/main.o
    0x200001e8   0x00000040   Data   RW        27008    .data._ZL11filehandles  BUILD/NUCLEO_F446RE/ARMC6/mbed-os/platform/source/mbed_retarget.o
    0x20000228   0x00000004   Data   RW         1175    .data._ZL14idle_hook_fptr  BUILD/NUCLEO_F446RE/ARMC6/mbed-os/cmsis/device/rtos/source/mbed_rtx_idle.o
    0x2000022c   0x00000004   Data   RW        25961    .data.irq_handler   BUILD/NUCLEO_F446RE/ARMC6/mbed-os/hal/source/mbed_us_ticker_api.o
    0x20000230   0x000000a4   Data   RW          680    .data.os            BUILD/NUCLEO_F446RE/ARMC6/mbed-os/cmsis/CMSIS_5/CMSIS/RTOS2/RTX/Source/rtx_kernel.o
    0x200002d4   0x00000054   Zero   RW        34617    .bss                c:\ProgramData\Mbed Studio\mbed-studio-tools\ac6\bin\..\lib\armlib\c_w.l(stdio_streams.o)
    0x20000328   0x00000054   Zero   RW        34618    .bss                c:\ProgramData\Mbed Studio\mbed-studio-tools\ac6\bin\..\lib\armlib\c_w.l(stdio_streams.o)
    0x2000037c   0x00000054   Zero   RW        34619    .bss                c:\ProgramData\Mbed Studio\mbed-studio-tools\ac6\bin\..\lib\armlib\c_w.l(stdio_streams.o)
    0x200003d0   0x00000060   Zero   RW        34943    .bss                c:\ProgramData\Mbed Studio\mbed-studio-tools\ac6\bin\..\lib\armlib\c_w.l(libspace.o)
    0x20000430   0x00000002   Zero   RW        25792    .bss..L_MergedGlobals  BUILD/NUCLEO_F446RE/ARMC6/mbed-os/hal/source/mbed_critical_section_api.o
    0x20000432   0x00000002   PAD
    0x20000434   0x00000024   Zero   RW        26139    .bss..L_MergedGlobals  BUILD/NUCLEO_F446RE/ARMC6/mbed-os/platform/source/CThunkBase.o
    0x20000458   0x00000030   Zero   RW        26203    .bss..L_MergedGlobals  BUILD/NUCLEO_F446RE/ARMC6/mbed-os/platform/source/FileBase.o
    0x20000488   0x00000070   Zero   RW        26710    .bss..L_MergedGlobals  BUILD/NUCLEO_F446RE/ARMC6/mbed-os/platform/source/mbed_error.o
    0x200004f8   0x00000028   Zero   RW        27010    .bss..L_MergedGlobals  BUILD/NUCLEO_F446RE/ARMC6/mbed-os/platform/source/mbed_retarget.o
    0x20000520   0x00000005   Zero   RW        33702    .bss..L_MergedGlobals  BUILD/NUCLEO_F446RE/ARMC6/mbed-os/targets/TARGET_STM/TARGET_STM32F4/analogout_device.o
    0x20000525   0x00000003   PAD
    0x20000528   0x0000001c   Zero   RW        33783    .bss..L_MergedGlobals  BUILD/NUCLEO_F446RE/ARMC6/mbed-os/targets/TARGET_STM/TARGET_STM32F4/serial_device.o
    0x20000544   0x0000000c   Zero   RW        33868    .bss..L_MergedGlobals  BUILD/NUCLEO_F446RE/ARMC6/mbed-os/targets/TARGET_STM/can_api.o
    0x20000550   0x00000008   Zero   RW        33912    .bss..L_MergedGlobals  BUILD/NUCLEO_F446RE/ARMC6/mbed-os/targets/TARGET_STM/gpio_irq_api.o
    0x20000558   0x0000000c   Zero   RW        33923    .bss..L_MergedGlobals  BUILD/NUCLEO_F446RE/ARMC6/mbed-os/targets/TARGET_STM/hal_tick_overrides.o
    0x20000564   0x00000050   Zero   RW        34186    .bss..L_MergedGlobals  BUILD/NUCLEO_F446RE/ARMC6/mbed-os/targets/TARGET_STM/serial_api.o
    0x200005b4   0x00000054   Zero   RW        34300    .bss..L_MergedGlobals  BUILD/NUCLEO_F446RE/ARMC6/mbed-os/targets/TARGET_STM/us_ticker.o
    0x20000608   0x00000004   Zero   RW          477    .bss._ZGVZ4mainE11uart_serial  BUILD/NUCLEO_F446RE/ARMC6/main.o
    0x2000060c   0x00000028   Zero   RW        27001    .bss._ZL16filehandle_mutex  BUILD/NUCLEO_F446RE/ARMC6/mbed-os/platform/source/mbed_retarget.o
    0x20000634   0x00000004   Zero   RW          463    .bss._ZN10ThreadFlag11threadFlagsE  BUILD/NUCLEO_F446RE/ARMC6/Lib_Misc/ThreadFlag.o
    0x20000638   0x0000033c   Zero   RW          476    .bss._ZZ4mainE11uart_serial  BUILD/NUCLEO_F446RE/ARMC6/main.o
    0x20000974   0x00000004   PAD
    0x20000978   0x00001000   Zero   RW         1147    .bss._main_stack    BUILD/NUCLEO_F446RE/ARMC6/mbed-os/cmsis/device/rtos/source/mbed_rtos_rtx.o
    0x20001978   0x00000024   Zero   RW         1148    .bss._main_thread_attr  BUILD/NUCLEO_F446RE/ARMC6/mbed-os/cmsis/device/rtos/source/mbed_rtos_rtx.o
    0x2000199c   0x00000020   Zero   RW         1120    .bss._static_mutexes  BUILD/NUCLEO_F446RE/ARMC6/mbed-os/cmsis/device/rtos/TOOLCHAIN_ARM_STD/mbed_boot_arm_std.o
    0x200019bc   0x000000e0   Zero   RW         1121    .bss._static_mutexes_mem  BUILD/NUCLEO_F446RE/ARMC6/mbed-os/cmsis/device/rtos/TOOLCHAIN_ARM_STD/mbed_boot_arm_std.o
    0x20001a9c   0x00000214   Zero   RW        33911    .bss.channels       BUILD/NUCLEO_F446RE/ARMC6/mbed-os/targets/TARGET_STM/gpio_irq_api.o
    0x20001cb0   0x00000004   Zero   RW        26665    .bss.critical_section_reentrancy_counter  BUILD/NUCLEO_F446RE/ARMC6/mbed-os/platform/source/mbed_critical.o
    0x20001cb4   0x00000002   Zero   RW        26813    .bss.deep_sleep_lock  BUILD/NUCLEO_F446RE/ARMC6/mbed-os/platform/source/mbed_power_mgmt.o
    0x20001cb6   0x00000002   PAD
    0x20001cb8   0x00000038   Zero   RW        25963    .bss.events         BUILD/NUCLEO_F446RE/ARMC6/mbed-os/hal/source/mbed_us_ticker_api.o
    0x20001cf0   0x00000001   Zero   RW        26709    .bss.halt_in_progress  BUILD/NUCLEO_F446RE/ARMC6/mbed-os/platform/source/mbed_error.o
    0x20001cf1   0x00000001   Zero   RW        26708    .bss.mbed_error_in_progress  BUILD/NUCLEO_F446RE/ARMC6/mbed-os/platform/source/mbed_error.o
    0x20001cf2   0x00000002   PAD
    0x20001cf4   0x00000054   Zero   RW        26527    .bss.mbed_fault_context  BUILD/NUCLEO_F446RE/ARMC6/mbed-os/platform/source/TARGET_CORTEX_M/mbed_fault_handler.o
    0x20001d48   0x00000004   Zero   RW        27000    .bss.mbed_heap_size  BUILD/NUCLEO_F446RE/ARMC6/mbed-os/platform/source/mbed_retarget.o
    0x20001d4c   0x00000004   Zero   RW        26999    .bss.mbed_heap_start  BUILD/NUCLEO_F446RE/ARMC6/mbed-os/platform/source/mbed_retarget.o
    0x20001d50   0x00000004   Zero   RW        34060    .bss.mbed_sdk_inited  BUILD/NUCLEO_F446RE/ARMC6/mbed-os/targets/TARGET_STM/mbed_overrides.o
    0x20001d54   0x00000004   Zero   RW         1138    .bss.mbed_stack_isr_size  BUILD/NUCLEO_F446RE/ARMC6/mbed-os/cmsis/device/rtos/source/mbed_boot.o
    0x20001d58   0x00000004   Zero   RW         1137    .bss.mbed_stack_isr_start  BUILD/NUCLEO_F446RE/ARMC6/mbed-os/cmsis/device/rtos/source/mbed_boot.o
    0x20001d5c   0x00000fc8   Zero   RW          475    .bss.myDataLogger   BUILD/NUCLEO_F446RE/ARMC6/main.o
    0x20002d24   0x00000004   PAD
    0x20002d28   0x00000100   Zero   RW          474    .bss.myGPA          BUILD/NUCLEO_F446RE/ARMC6/main.o
    0x20002e28   0x00000040   Zero   RW          685    .bss.os             BUILD/NUCLEO_F446RE/ARMC6/mbed-os/cmsis/CMSIS_5/CMSIS/RTOS2/RTX/Source/rtx_lib.o
    0x20002e68   0x00000001   Zero   RW         1098    .bss.os             BUILD/NUCLEO_F446RE/ARMC6/mbed-os/cmsis/CMSIS_5/CMSIS/RTOS2/Source/os_systick.o
    0x20002e69   0x00000003   PAD
    0x20002e6c   0x000001f0   Zero   RW         1119    .bss.os.libspace    BUILD/NUCLEO_F446RE/ARMC6/mbed-os/cmsis/device/rtos/TOOLCHAIN_ARM_STD/mbed_boot_arm_std.o
    0x2000305c   0x00000034   Zero   RW          696    .bss.os.msgqueue.cb  BUILD/NUCLEO_F446RE/ARMC6/mbed-os/cmsis/CMSIS_5/CMSIS/RTOS2/RTX/Source/rtx_lib.o
    0x20003090   0x00000050   Zero   RW          697    .bss.os.msgqueue.mem  BUILD/NUCLEO_F446RE/ARMC6/mbed-os/cmsis/CMSIS_5/CMSIS/RTOS2/RTX/Source/rtx_lib.o
    0x200030e0   0x00000088   Zero   RW          693    .bss.os.thread.cb   BUILD/NUCLEO_F446RE/ARMC6/mbed-os/cmsis/CMSIS_5/CMSIS/RTOS2/RTX/Source/rtx_lib.o
    0x20003168   0x00000044   Zero   RW         1149    .bss.os.thread.cb   BUILD/NUCLEO_F446RE/ARMC6/mbed-os/cmsis/device/rtos/source/mbed_rtos_rtx.o
    0x200031ac   0x00000004   PAD
    0x200031b0   0x00000200   Zero   RW          694    .bss.os.thread.idle.stack  BUILD/NUCLEO_F446RE/ARMC6/mbed-os/cmsis/CMSIS_5/CMSIS/RTOS2/RTX/Source/rtx_lib.o
    0x200033b0   0x00000300   Zero   RW          695    .bss.os.thread.timer.stack  BUILD/NUCLEO_F446RE/ARMC6/mbed-os/cmsis/CMSIS_5/CMSIS/RTOS2/RTX/Source/rtx_lib.o
    0x200036b0   0x00000001   Zero   RW         1122    .bss.os_kernel_is_active.os_kernel_active  BUILD/NUCLEO_F446RE/ARMC6/mbed-os/cmsis/device/rtos/TOOLCHAIN_ARM_STD/mbed_boot_arm_std.o
    0x200036b1   0x00000003   PAD
    0x200036b4   0x00000004   Zero   RW         1153    .bss.singleton_mutex_id  BUILD/NUCLEO_F446RE/ARMC6/mbed-os/cmsis/device/rtos/source/mbed_rtos_rtx.o
    0x200036b8   0x0000001c   Zero   RW         1151    .bss.singleton_mutex_obj  BUILD/NUCLEO_F446RE/ARMC6/mbed-os/cmsis/device/rtos/source/mbed_rtos_rtx.o
    0x200036d4   0x00000004   Zero   RW         1166    .bss.terminate_hook  BUILD/NUCLEO_F446RE/ARMC6/mbed-os/cmsis/device/rtos/source/mbed_rtx_handlers.o
    0x200036d8   0x00000198   Zero   RW        33782    .bss.uart_handlers  BUILD/NUCLEO_F446RE/ARMC6/mbed-os/targets/TARGET_STM/TARGET_STM32F4/serial_device.o


    Execution Region ARM_LIB_HEAP (Base: 0x20003870, Size: 0x0001c390, Max: 0x0001c390, ABSOLUTE)

    Base Addr    Size         Type   Attr      Idx    E Section Name        Object

    0x20003870   0x0001c390   Zero   RW            1    ARM_LIB_HEAP.bss    anon$$obj.o


    Execution Region ARM_LIB_STACK (Base: 0x2001fc00, Size: 0x00000400, Max: 0x00000400, ABSOLUTE)

    Base Addr    Size         Type   Attr      Idx    E Section Name        Object

    0x2001fc00   0x00000400   Zero   RW            2    ARM_LIB_STACK.bss   anon$$obj.o


==============================================================================

Image component sizes


      Code (inc. data)   RO Data    RW Data    ZI Data      Debug   

     37322       2760       2300        252     130000      38816   Object Totals
         0          0         32          0     116624          0   (incl. Generated)
       126          8          5          0         27          0   (incl. Padding)
     22666       1562       1276         16        348      16476   Library Totals
        48          4         16          0          0          0   (incl. Padding)

==============================================================================


      Code (inc. data)   RO Data    RW Data    ZI Data      Debug   

     59988       4322       3576        268     130348      43320   Grand Totals
     59988       4322       3576        268     130348      43320   ELF Image Totals
     59988       4322       3576        268          0          0   ROM Totals

==============================================================================

    Total RO  Size (Code + RO Data)                63564 (  62.07kB)
    Total RW  Size (RW Data + ZI Data)            130616 ( 127.55kB)
    Total ROM Size (Code + RO Data + RW Data)      63832 (  62.34kB)

==============================================================================

